******************************************************************************
                  TI ARM Linker PC v20.2.7                     
******************************************************************************
>> Linked Thu May  9 16:55:10 2024

OUTPUT FILE NAME:   <Embedded2.out>
ENTRY POINT SYMBOL: "_c_int00_noargs"  address: 00000ec9


MEMORY CONFIGURATION

         name            origin    length      used     unused   attr    fill
----------------------  --------  ---------  --------  --------  ----  --------
  FLASH                 00000000   00040000  0000112c  0003eed4  R  X
  SRAM                  20000000   00008000  00000218  00007de8  RW X


SEGMENT ALLOCATION MAP

run origin  load origin   length   init length attrs members
----------  ----------- ---------- ----------- ----- -------
00000000    00000000    00001130   00001130    r-x
  00000000    00000000    0000026c   0000026c    r-- .intvecs
  0000026c    0000026c    00000d4c   00000d4c    r-x .text
  00000fb8    00000fb8    0000015c   0000015c    r-- .const
  00001118    00001118    00000018   00000018    r-- .cinit
20000000    20000000    00000218   00000000    rw-
  20000000    20000000    00000200   00000000    rw- .stack
  20000200    20000200    00000010   00000000    rw- .sysmem
  20000210    20000210    00000008   00000000    rw- .data


SECTION ALLOCATION MAP

 output                                  attributes/
section   page    origin      length       input sections
--------  ----  ----------  ----------   ----------------
.intvecs   0    00000000    0000026c     
                  00000000    0000026c     tm4c123gh6pm_startup_ccs.obj (.intvecs)

.text      0    0000026c    00000d4c     
                  0000026c    000003c8     rtsv7M4_T_le_v4SPD16_eabi.lib : strtof.c.obj (.text:strtof)
                  00000634    00000200     UART_INIT.obj (.text)
                  00000834    000001c0     decoder.obj (.text)
                  000009f4    00000140     main.obj (.text)
                  00000b34    0000013c     GPIO_DRIVER.obj (.text)
                  00000c70    000000d0     rtsv7M4_T_le_v4SPD16_eabi.lib : s_scalbnf.c.obj (.text:scalbnf)
                  00000d40    0000009c                                   : memcpy_t2.asm.obj (.text)
                  00000ddc    00000068                                   : copy_decompress_lzss.c.obj (.text:decompress:lzss:__TI_decompress_lzss)
                  00000e44    00000044                                   : autoinit.c.obj (.text:__TI_auto_init_nobinit_nopinit:__TI_auto_init_nobinit_nopinit)
                  00000e88    00000040                                   : strtok.c.obj (.text:strtok)
                  00000ec8    00000034                                   : boot_cortex_m.c.obj (.text:_c_int00_noargs:_c_int00_noargs)
                  00000efc    0000002c                                   : strncmp.c.obj (.text:strncmp)
                  00000f28    0000002a                                   : strspn.c.obj (.text:strspn)
                  00000f52    00000024                                   : strcspn.c.obj (.text:strcspn)
                  00000f76    00000018                                   : s_copysignf.c.obj (.text:copysignf)
                  00000f8e    0000000e                                   : copy_decompress_none.c.obj (.text:decompress:none:__TI_decompress_none)
                  00000f9c    0000000c     tm4c123gh6pm_startup_ccs.obj (.text)
                  00000fa8    00000008     rtsv7M4_T_le_v4SPD16_eabi.lib : errno.c.obj (.text:__aeabi_errno_addr)
                  00000fb0    00000004                                   : pre_init.c.obj (.text:_system_pre_init)
                  00000fb4    00000004                                   : exit.c.obj (.text:abort:abort)

.const     0    00000fb8    0000015c     
                  00000fb8    00000101     rtsv7M4_T_le_v4SPD16_eabi.lib : ctype.c.obj (.const:.string:_ctypes_)
                  000010b9    00000003     --HOLE-- [fill = 0]
                  000010bc    00000058                                   : strtof.c.obj (.const:$O1$$)

.cinit     0    00001118    00000018     
                  00001118    00000008     (__TI_handler_table)
                  00001120    00000007     (.cinit..data.load) [load image, compression = lzss]
                  00001127    00000001     --HOLE-- [fill = 0]
                  00001128    00000008     (__TI_cinit_table)

.init_array 
*          0    00000000    00000000     UNINITIALIZED

.stack     0    20000000    00000200     UNINITIALIZED
                  20000000    00000004     rtsv7M4_T_le_v4SPD16_eabi.lib : boot_cortex_m.c.obj (.stack)
                  20000004    000001fc     --HOLE--

.data      0    20000210    00000008     UNINITIALIZED
                  20000210    00000004     rtsv7M4_T_le_v4SPD16_eabi.lib : errno.c.obj (.data)
                  20000214    00000004                                   : strtok.c.obj (.data)

.sysmem    0    20000200    00000010     UNINITIALIZED
                  20000200    00000010     rtsv7M4_T_le_v4SPD16_eabi.lib : memory.c.obj (.sysmem)

__llvm_prf_cnts 
*          0    20000000    00000000     UNINITIALIZED

MODULE SUMMARY

       Module                         code   ro data   rw data
       ------                         ----   -------   -------
    .\
       tm4c123gh6pm_startup_ccs.obj   12     620       0      
       UART_INIT.obj                  512    0         0      
       decoder.obj                    448    0         0      
       main.obj                       320    0         0      
       GPIO_DRIVER.obj                316    0         0      
    +--+------------------------------+------+---------+---------+
       Total:                         1608   620       0      
                                                              
    C:\ti\ccs1270\ccs\tools\compiler\ti-cgt-arm_20.2.7.LTS\lib\rtsv7M4_T_le_v4SPD16_eabi.lib
       strtof.c.obj                   968    88        0      
       ctype.c.obj                    0      257       0      
       s_scalbnf.c.obj                208    0         0      
       memcpy_t2.asm.obj              156    0         0      
       copy_decompress_lzss.c.obj     104    0         0      
       autoinit.c.obj                 68     0         0      
       strtok.c.obj                   64     0         4      
       boot_cortex_m.c.obj            52     0         0      
       strncmp.c.obj                  44     0         0      
       strspn.c.obj                   42     0         0      
       strcspn.c.obj                  36     0         0      
       s_copysignf.c.obj              24     0         0      
       copy_decompress_none.c.obj     14     0         0      
       errno.c.obj                    8      0         4      
       exit.c.obj                     4      0         0      
       pre_init.c.obj                 4      0         0      
    +--+------------------------------+------+---------+---------+
       Total:                         1796   345       8      
                                                              
       Heap:                          0      0         16     
       Stack:                         0      0         512    
       Linker Generated:              0      23        0      
    +--+------------------------------+------+---------+---------+
       Grand Total:                   3404   988       536    


LINKER GENERATED COPY TABLES

__TI_cinit_table @ 00001128 records: 1, size/record: 8, table size: 8
	.data: load addr=00001120, load size=00000007 bytes, run addr=20000210, run size=00000008 bytes, compression=lzss


LINKER GENERATED HANDLER TABLE

__TI_handler_table @ 00001118 records: 2, size/record: 4, table size: 8
	index: 0, handler: __TI_decompress_lzss
	index: 1, handler: __TI_decompress_none


GLOBAL SYMBOLS: SORTED ALPHABETICALLY BY Name 

address   name                          
-------   ----                          
00000fb5  C$$EXIT                       
0000072f  CHECK_UART_READ_DATA          
0000076f  GPS_GET_LINE                  
00000b9f  LED_INIT                      
00000c2b  LED_OFF                       
00000c13  LED_ON                        
0000073f  READ_UART                     
00000a0d  RGB_ClearOutput               
000009f5  RGB_SetOutput                 
00000f9d  ResetISR                      
00000b35  SWITCH_INIT                   
00000635  UART_INIT                     
00000a25  UART_OutChar                  
00000a41  UART_OutString                
00000753  WRITE_UART                    
20000200  __STACK_END                   
00000200  __STACK_SIZE                  
20000200  __STACK_TOP                   
00000010  __SYSMEM_SIZE                 
00001128  __TI_CINIT_Base               
00001130  __TI_CINIT_Limit              
00001118  __TI_Handler_Table_Base       
00001120  __TI_Handler_Table_Limit      
00000e45  __TI_auto_init_nobinit_nopinit
00000ddd  __TI_decompress_lzss          
00000f8f  __TI_decompress_none          
ffffffff  __TI_pprof_out_hndl           
ffffffff  __TI_prof_data_size           
ffffffff  __TI_prof_data_start          
00000000  __TI_static_base__            
00000fa9  __aeabi_errno_addr            
00000d41  __aeabi_memcpy                
00000d41  __aeabi_memcpy4               
00000d41  __aeabi_memcpy8               
ffffffff  __binit__                     
ffffffff  __c_args__                    
UNDEFED   __mpu_init                    
20000000  __stack                       
20000000  __start___llvm_prf_cnts       
20000000  __stop___llvm_prf_cnts        
00000ec9  _c_int00_noargs               
00000fb8  _ctypes_                      
20000200  _sys_memory                   
UNDEFED   _system_post_cinit            
00000fb1  _system_pre_init              
00000fb5  abort                         
ffffffff  binit                         
00000f77  copysignf                     
20000210  errno                         
00000000  g_pfnVectors                  
000008ed  getLatitude                   
00000835  getLatitudeDirection          
00000951  getlongitude                  
00000891  getlongitudeDirection         
00000c71  ldexpf                        
00000a5f  main                          
00000d41  memcpy                        
000009b5  refill                        
00000c71  scalbnf                       
00000f53  strcspn                       
00000efd  strncmp                       
00000f29  strspn                        
0000026d  strtof                        
00000e89  strtok                        
00000bff  sw1_read                      
00000c09  sw2_read                      


GLOBAL SYMBOLS: SORTED BY Symbol Address 

address   name                          
-------   ----                          
00000000  __TI_static_base__            
00000000  g_pfnVectors                  
00000010  __SYSMEM_SIZE                 
00000200  __STACK_SIZE                  
0000026d  strtof                        
00000635  UART_INIT                     
0000072f  CHECK_UART_READ_DATA          
0000073f  READ_UART                     
00000753  WRITE_UART                    
0000076f  GPS_GET_LINE                  
00000835  getLatitudeDirection          
00000891  getlongitudeDirection         
000008ed  getLatitude                   
00000951  getlongitude                  
000009b5  refill                        
000009f5  RGB_SetOutput                 
00000a0d  RGB_ClearOutput               
00000a25  UART_OutChar                  
00000a41  UART_OutString                
00000a5f  main                          
00000b35  SWITCH_INIT                   
00000b9f  LED_INIT                      
00000bff  sw1_read                      
00000c09  sw2_read                      
00000c13  LED_ON                        
00000c2b  LED_OFF                       
00000c71  ldexpf                        
00000c71  scalbnf                       
00000d41  __aeabi_memcpy                
00000d41  __aeabi_memcpy4               
00000d41  __aeabi_memcpy8               
00000d41  memcpy                        
00000ddd  __TI_decompress_lzss          
00000e45  __TI_auto_init_nobinit_nopinit
00000e89  strtok                        
00000ec9  _c_int00_noargs               
00000efd  strncmp                       
00000f29  strspn                        
00000f53  strcspn                       
00000f77  copysignf                     
00000f8f  __TI_decompress_none          
00000f9d  ResetISR                      
00000fa9  __aeabi_errno_addr            
00000fb1  _system_pre_init              
00000fb5  C$$EXIT                       
00000fb5  abort                         
00000fb8  _ctypes_                      
00001118  __TI_Handler_Table_Base       
00001120  __TI_Handler_Table_Limit      
00001128  __TI_CINIT_Base               
00001130  __TI_CINIT_Limit              
20000000  __stack                       
20000000  __start___llvm_prf_cnts       
20000000  __stop___llvm_prf_cnts        
20000200  __STACK_END                   
20000200  __STACK_TOP                   
20000200  _sys_memory                   
20000210  errno                         
ffffffff  __TI_pprof_out_hndl           
ffffffff  __TI_prof_data_size           
ffffffff  __TI_prof_data_start          
ffffffff  __binit__                     
ffffffff  __c_args__                    
ffffffff  binit                         
UNDEFED   __mpu_init                    
UNDEFED   _system_post_cinit            

[66 symbols]
