<html>
<body>
<pre>
<h1>µVision Build Log</h1>
<h2>Project:</h2>
C:\Users\abdel\Desktop\EmbeddedProject-main\EmbeddedProject-main\test.uvproj
Project File Date:  05/07/2024

<h2>Output:</h2>
Rebuild target 'Target 1'
compiling CALC_DISP.c...
compiling eeprom.c...
compiling eepromfunc.c...
compiling GPIO_DRIVER.c...
compiling main.c...
UART_INIT.h(12): warning:  #1-D: last line of file ends without a newline
  #endif
NMEA.h(8): warning:  #1-D: last line of file ends without a newline
  char extractlongtitudesdirection(const char *NMEA);
main.c(36): warning:  #177-D: variable "h" was declared but never referenced
        float h;
main.c(40): warning:  #550-D: variable "c" was set but never used
        float c;
main.c: 4 warnings, 0 errors
compiling NMEA FNS.c...
NMEA.h(8): warning:  #1-D: last line of file ends without a newline
  char extractlongtitudesdirection(const char *NMEA);
NMEA FNS.c: 1 warning, 0 errors
compiling systick.c...
systick.c(87): warning:  #1-D: last line of file ends without a newline
  */
systick.c: 1 warning, 0 errors
compiling UART_INIT.c...
UART_INIT.h(12): warning:  #1-D: last line of file ends without a newline
  #endif
UART_INIT.c: 1 warning, 0 errors
assembling startup_TM4C123.s...
linking...
Program Size: Code=6632 RO-data=716 RW-data=12 ZI-data=516  
".\test.axf" - 0 Error(s), 7 Warning(s).
