ARM Linker, 5.03 [Build 76] [MDK-ARM Lite]

==============================================================================

Section Cross References

    calc_disp.o(.text) refers to dmul.o(.text) for __aeabi_dmul
    calc_disp.o(.text) refers to ddiv.o(.text) for __aeabi_ddiv
    calc_disp.o(.text) refers to cdcmple.o(.text) for __aeabi_cdcmpeq
    calc_disp.o(.text) refers to dadd.o(.text) for __aeabi_dsub
    calc_disp.o(.text) refers to cos.o(i.__hardfp_cos) for __hardfp_cos
    calc_disp.o(.text) refers to sin.o(i.__hardfp_sin) for __hardfp_sin
    calc_disp.o(.text) refers to acos.o(i.__hardfp_acos) for __hardfp_acos
    main.o(.text) refers to gpio_driver.o(.text) for SWITCH_INIT
    main.o(.text) refers to uart_init.o(.text) for UART_INI
    main.o(.text) refers to nmea fns.o(.text) for extractlatitudes
    nmea fns.o(.text) refers to strcpy.o(.text) for strcpy
    nmea fns.o(.text) refers to strtok.o(.text) for strtok
    nmea fns.o(.text) refers to printfa.o(i.__0printf) for __2printf
    nmea fns.o(.text) refers to atof.o(i.__hardfp_atof) for __hardfp_atof
    nmea fns.o(.text) refers to d2f.o(.text) for __aeabi_d2f
    nmea fns.o(.text) refers to f2d.o(.text) for __aeabi_f2d
    startup_tm4c123.o(RESET) refers to startup_tm4c123.o(STACK) for __initial_sp
    startup_tm4c123.o(RESET) refers to startup_tm4c123.o(.text) for Reset_Handler
    startup_tm4c123.o(.text) refers to entry.o(.ARM.Collect$$$$00000000) for __main
    acos.o(i.__hardfp_acos) refers (Special) to iusefp.o(.text) for __I$use$fp
    acos.o(i.__hardfp_acos) refers to dadd.o(.text) for __aeabi_dadd
    acos.o(i.__hardfp_acos) refers to errno.o(i.__set_errno) for __set_errno
    acos.o(i.__hardfp_acos) refers to ddiv.o(.text) for __aeabi_ddiv
    acos.o(i.__hardfp_acos) refers to dmul.o(.text) for __aeabi_dmul
    acos.o(i.__hardfp_acos) refers to poly.o(i.__kernel_poly) for __kernel_poly
    acos.o(i.__hardfp_acos) refers to sqrt.o(i.sqrt) for sqrt
    acos.o(i.__hardfp_acos) refers to acos.o(.constdata) for .constdata
    acos.o(i.__softfp_acos) refers (Special) to iusefp.o(.text) for __I$use$fp
    acos.o(i.__softfp_acos) refers to acos.o(i.__hardfp_acos) for __hardfp_acos
    acos.o(i.acos) refers (Special) to iusefp.o(.text) for __I$use$fp
    acos.o(i.acos) refers to acos.o(i.__hardfp_acos) for __hardfp_acos
    acos.o(.constdata) refers (Special) to iusefp.o(.text) for __I$use$fp
    acos_x.o(i.____hardfp_acos$lsc) refers (Special) to iusefp.o(.text) for __I$use$fp
    acos_x.o(i.____hardfp_acos$lsc) refers to dadd.o(.text) for __aeabi_dadd
    acos_x.o(i.____hardfp_acos$lsc) refers to errno.o(i.__set_errno) for __set_errno
    acos_x.o(i.____hardfp_acos$lsc) refers to dmul.o(.text) for __aeabi_dmul
    acos_x.o(i.____hardfp_acos$lsc) refers to poly.o(i.__kernel_poly) for __kernel_poly
    acos_x.o(i.____hardfp_acos$lsc) refers to ddiv.o(.text) for __aeabi_ddiv
    acos_x.o(i.____hardfp_acos$lsc) refers to sqrt.o(i.sqrt) for sqrt
    acos_x.o(i.____hardfp_acos$lsc) refers to acos_x.o(.constdata) for .constdata
    acos_x.o(i.____softfp_acos$lsc) refers (Special) to iusefp.o(.text) for __I$use$fp
    acos_x.o(i.____softfp_acos$lsc) refers to acos_x.o(i.____hardfp_acos$lsc) for ____hardfp_acos$lsc
    acos_x.o(i.__acos$lsc) refers (Special) to iusefp.o(.text) for __I$use$fp
    acos_x.o(i.__acos$lsc) refers to acos_x.o(i.____hardfp_acos$lsc) for ____hardfp_acos$lsc
    acos_x.o(.constdata) refers (Special) to iusefp.o(.text) for __I$use$fp
    atof.o(i.__hardfp_atof) refers (Special) to iusefp.o(.text) for __I$use$fp
    atof.o(i.__hardfp_atof) refers to errno.o(i.__read_errno) for __read_errno
    atof.o(i.__hardfp_atof) refers to strtod.o(.text) for __strtod_int
    atof.o(i.__hardfp_atof) refers to errno.o(i.__set_errno) for __set_errno
    atof.o(i.__softfp_atof) refers (Special) to iusefp.o(.text) for __I$use$fp
    atof.o(i.__softfp_atof) refers to errno.o(i.__read_errno) for __read_errno
    atof.o(i.__softfp_atof) refers to strtod.o(.text) for __strtod_int
    atof.o(i.__softfp_atof) refers to errno.o(i.__set_errno) for __set_errno
    atof.o(i.atof) refers (Special) to iusefp.o(.text) for __I$use$fp
    atof.o(i.atof) refers to errno.o(i.__read_errno) for __read_errno
    atof.o(i.atof) refers to strtod.o(.text) for __strtod_int
    atof.o(i.atof) refers to errno.o(i.__set_errno) for __set_errno
    cos.o(i.__hardfp_cos) refers (Special) to iusefp.o(.text) for __I$use$fp
    cos.o(i.__hardfp_cos) refers to errno.o(i.__set_errno) for __set_errno
    cos.o(i.__hardfp_cos) refers to ddiv.o(.text) for __aeabi_ddiv
    cos.o(i.__hardfp_cos) refers to dadd.o(.text) for __aeabi_dadd
    cos.o(i.__hardfp_cos) refers to rred.o(i.__ieee754_rem_pio2) for __ieee754_rem_pio2
    cos.o(i.__hardfp_cos) refers to sin_i.o(i.__kernel_sin) for __kernel_sin
    cos.o(i.__hardfp_cos) refers to cos_i.o(i.__kernel_cos) for __kernel_cos
    cos.o(i.__softfp_cos) refers (Special) to iusefp.o(.text) for __I$use$fp
    cos.o(i.__softfp_cos) refers to cos.o(i.__hardfp_cos) for __hardfp_cos
    cos.o(i.cos) refers (Special) to iusefp.o(.text) for __I$use$fp
    cos.o(i.cos) refers to cos.o(i.__hardfp_cos) for __hardfp_cos
    cos_x.o(i.____hardfp_cos$lsc) refers (Special) to iusefp.o(.text) for __I$use$fp
    cos_x.o(i.____hardfp_cos$lsc) refers to errno.o(i.__set_errno) for __set_errno
    cos_x.o(i.____hardfp_cos$lsc) refers to dadd.o(.text) for __aeabi_dadd
    cos_x.o(i.____hardfp_cos$lsc) refers to rred.o(i.__ieee754_rem_pio2) for __ieee754_rem_pio2
    cos_x.o(i.____hardfp_cos$lsc) refers to sin_i.o(i.__kernel_sin) for __kernel_sin
    cos_x.o(i.____hardfp_cos$lsc) refers to cos_i.o(i.__kernel_cos) for __kernel_cos
    cos_x.o(i.____softfp_cos$lsc) refers (Special) to iusefp.o(.text) for __I$use$fp
    cos_x.o(i.____softfp_cos$lsc) refers to cos_x.o(i.____hardfp_cos$lsc) for ____hardfp_cos$lsc
    cos_x.o(i.__cos$lsc) refers (Special) to iusefp.o(.text) for __I$use$fp
    cos_x.o(i.__cos$lsc) refers to cos_x.o(i.____hardfp_cos$lsc) for ____hardfp_cos$lsc
    sin.o(i.__hardfp_sin) refers (Special) to iusefp.o(.text) for __I$use$fp
    sin.o(i.__hardfp_sin) refers to errno.o(i.__set_errno) for __set_errno
    sin.o(i.__hardfp_sin) refers to ddiv.o(.text) for __aeabi_ddiv
    sin.o(i.__hardfp_sin) refers to dadd.o(.text) for __aeabi_dadd
    sin.o(i.__hardfp_sin) refers to rred.o(i.__ieee754_rem_pio2) for __ieee754_rem_pio2
    sin.o(i.__hardfp_sin) refers to cos_i.o(i.__kernel_cos) for __kernel_cos
    sin.o(i.__hardfp_sin) refers to sin_i.o(i.__kernel_sin) for __kernel_sin
    sin.o(i.__softfp_sin) refers (Special) to iusefp.o(.text) for __I$use$fp
    sin.o(i.__softfp_sin) refers to sin.o(i.__hardfp_sin) for __hardfp_sin
    sin.o(i.sin) refers (Special) to iusefp.o(.text) for __I$use$fp
    sin.o(i.sin) refers to sin.o(i.__hardfp_sin) for __hardfp_sin
    sin_x.o(i.____hardfp_sin$lsc) refers (Special) to iusefp.o(.text) for __I$use$fp
    sin_x.o(i.____hardfp_sin$lsc) refers to errno.o(i.__set_errno) for __set_errno
    sin_x.o(i.____hardfp_sin$lsc) refers to dadd.o(.text) for __aeabi_dadd
    sin_x.o(i.____hardfp_sin$lsc) refers to rred.o(i.__ieee754_rem_pio2) for __ieee754_rem_pio2
    sin_x.o(i.____hardfp_sin$lsc) refers to cos_i.o(i.__kernel_cos) for __kernel_cos
    sin_x.o(i.____hardfp_sin$lsc) refers to sin_i.o(i.__kernel_sin) for __kernel_sin
    sin_x.o(i.____softfp_sin$lsc) refers (Special) to iusefp.o(.text) for __I$use$fp
    sin_x.o(i.____softfp_sin$lsc) refers to sin_x.o(i.____hardfp_sin$lsc) for ____hardfp_sin$lsc
    sin_x.o(i.__sin$lsc) refers (Special) to iusefp.o(.text) for __I$use$fp
    sin_x.o(i.__sin$lsc) refers to sin_x.o(i.____hardfp_sin$lsc) for ____hardfp_sin$lsc
    entry.o(.ARM.Collect$$$$00000000) refers (Special) to entry10a.o(.ARM.Collect$$$$0000000D) for __rt_final_cpp
    entry.o(.ARM.Collect$$$$00000000) refers (Special) to entry11a.o(.ARM.Collect$$$$0000000F) for __rt_final_exit
    entry.o(.ARM.Collect$$$$00000000) refers (Special) to entry7b.o(.ARM.Collect$$$$00000008) for _main_clock
    entry.o(.ARM.Collect$$$$00000000) refers (Special) to entry8b.o(.ARM.Collect$$$$0000000A) for _main_cpp_init
    entry.o(.ARM.Collect$$$$00000000) refers (Special) to entry9a.o(.ARM.Collect$$$$0000000B) for _main_init
    entry.o(.ARM.Collect$$$$00000000) refers (Special) to entry5.o(.ARM.Collect$$$$00000004) for _main_scatterload
    entry.o(.ARM.Collect$$$$00000000) refers (Special) to entry2.o(.ARM.Collect$$$$00000001) for _main_stk
    strtok.o(.text) refers to strtok.o(.data) for .data
    strtok_r.o(.text) refers to strtok_r.o(.data) for .data
    printfb.o(i.__0fprintf$bare) refers to printfb.o(i._printf_core) for _printf_core
    printfb.o(i.__0fprintf$bare) refers to fputc.o(i.fputc) for fputc
    printfb.o(i.__0printf$bare) refers to printfb.o(i._printf_core) for _printf_core
    printfb.o(i.__0printf$bare) refers to fputc.o(i.fputc) for fputc
    printfb.o(i.__0printf$bare) refers to stdout.o(.data) for __stdout
    printfb.o(i.__0snprintf$bare) refers to printfb.o(i._printf_core) for _printf_core
    printfb.o(i.__0snprintf$bare) refers to printfb.o(i._snputc) for _snputc
    printfb.o(i.__0sprintf$bare) refers to printfb.o(i._printf_core) for _printf_core
    printfb.o(i.__0sprintf$bare) refers to printfb.o(i._sputc) for _sputc
    printfb.o(i.__0vfprintf$bare) refers to printfb.o(i._printf_core) for _printf_core
    printfb.o(i.__0vfprintf$bare) refers to fputc.o(i.fputc) for fputc
    printfb.o(i.__0vprintf$bare) refers to printfb.o(i._printf_core) for _printf_core
    printfb.o(i.__0vprintf$bare) refers to fputc.o(i.fputc) for fputc
    printfb.o(i.__0vprintf$bare) refers to stdout.o(.data) for __stdout
    printfb.o(i.__0vsnprintf$bare) refers to printfb.o(i._printf_core) for _printf_core
    printfb.o(i.__0vsnprintf$bare) refers to printfb.o(i._snputc) for _snputc
    printfb.o(i.__0vsprintf$bare) refers to printfb.o(i._printf_core) for _printf_core
    printfb.o(i.__0vsprintf$bare) refers to printfb.o(i._sputc) for _sputc
    printf0.o(i.__0fprintf$0) refers to printf0.o(i._printf_core) for _printf_core
    printf0.o(i.__0fprintf$0) refers to fputc.o(i.fputc) for fputc
    printf0.o(i.__0printf$0) refers to printf0.o(i._printf_core) for _printf_core
    printf0.o(i.__0printf$0) refers to fputc.o(i.fputc) for fputc
    printf0.o(i.__0printf$0) refers to stdout.o(.data) for __stdout
    printf0.o(i.__0snprintf$0) refers to printf0.o(i._printf_core) for _printf_core
    printf0.o(i.__0snprintf$0) refers to printf0.o(i._snputc) for _snputc
    printf0.o(i.__0sprintf$0) refers to printf0.o(i._printf_core) for _printf_core
    printf0.o(i.__0sprintf$0) refers to printf0.o(i._sputc) for _sputc
    printf0.o(i.__0vfprintf$0) refers to printf0.o(i._printf_core) for _printf_core
    printf0.o(i.__0vfprintf$0) refers to fputc.o(i.fputc) for fputc
    printf0.o(i.__0vprintf$0) refers to printf0.o(i._printf_core) for _printf_core
    printf0.o(i.__0vprintf$0) refers to fputc.o(i.fputc) for fputc
    printf0.o(i.__0vprintf$0) refers to stdout.o(.data) for __stdout
    printf0.o(i.__0vsnprintf$0) refers to printf0.o(i._printf_core) for _printf_core
    printf0.o(i.__0vsnprintf$0) refers to printf0.o(i._snputc) for _snputc
    printf0.o(i.__0vsprintf$0) refers to printf0.o(i._printf_core) for _printf_core
    printf0.o(i.__0vsprintf$0) refers to printf0.o(i._sputc) for _sputc
    printf1.o(i.__0fprintf$1) refers to printf1.o(i._printf_core) for _printf_core
    printf1.o(i.__0fprintf$1) refers to fputc.o(i.fputc) for fputc
    printf1.o(i.__0printf$1) refers to printf1.o(i._printf_core) for _printf_core
    printf1.o(i.__0printf$1) refers to fputc.o(i.fputc) for fputc
    printf1.o(i.__0printf$1) refers to stdout.o(.data) for __stdout
    printf1.o(i.__0snprintf$1) refers to printf1.o(i._printf_core) for _printf_core
    printf1.o(i.__0snprintf$1) refers to printf1.o(i._snputc) for _snputc
    printf1.o(i.__0sprintf$1) refers to printf1.o(i._printf_core) for _printf_core
    printf1.o(i.__0sprintf$1) refers to printf1.o(i._sputc) for _sputc
    printf1.o(i.__0vfprintf$1) refers to printf1.o(i._printf_core) for _printf_core
    printf1.o(i.__0vfprintf$1) refers to fputc.o(i.fputc) for fputc
    printf1.o(i.__0vprintf$1) refers to printf1.o(i._printf_core) for _printf_core
    printf1.o(i.__0vprintf$1) refers to fputc.o(i.fputc) for fputc
    printf1.o(i.__0vprintf$1) refers to stdout.o(.data) for __stdout
    printf1.o(i.__0vsnprintf$1) refers to printf1.o(i._printf_core) for _printf_core
    printf1.o(i.__0vsnprintf$1) refers to printf1.o(i._snputc) for _snputc
    printf1.o(i.__0vsprintf$1) refers to printf1.o(i._printf_core) for _printf_core
    printf1.o(i.__0vsprintf$1) refers to printf1.o(i._sputc) for _sputc
    printf1.o(i._printf_core) refers to uidiv.o(.text) for __aeabi_uidivmod
    printf2.o(i.__0fprintf$2) refers to printf2.o(i._printf_core) for _printf_core
    printf2.o(i.__0fprintf$2) refers to fputc.o(i.fputc) for fputc
    printf2.o(i.__0printf$2) refers to printf2.o(i._printf_core) for _printf_core
    printf2.o(i.__0printf$2) refers to fputc.o(i.fputc) for fputc
    printf2.o(i.__0printf$2) refers to stdout.o(.data) for __stdout
    printf2.o(i.__0snprintf$2) refers to printf2.o(i._printf_core) for _printf_core
    printf2.o(i.__0snprintf$2) refers to printf2.o(i._snputc) for _snputc
    printf2.o(i.__0sprintf$2) refers to printf2.o(i._printf_core) for _printf_core
    printf2.o(i.__0sprintf$2) refers to printf2.o(i._sputc) for _sputc
    printf2.o(i.__0vfprintf$2) refers to printf2.o(i._printf_core) for _printf_core
    printf2.o(i.__0vfprintf$2) refers to fputc.o(i.fputc) for fputc
    printf2.o(i.__0vprintf$2) refers to printf2.o(i._printf_core) for _printf_core
    printf2.o(i.__0vprintf$2) refers to fputc.o(i.fputc) for fputc
    printf2.o(i.__0vprintf$2) refers to stdout.o(.data) for __stdout
    printf2.o(i.__0vsnprintf$2) refers to printf2.o(i._printf_core) for _printf_core
    printf2.o(i.__0vsnprintf$2) refers to printf2.o(i._snputc) for _snputc
    printf2.o(i.__0vsprintf$2) refers to printf2.o(i._printf_core) for _printf_core
    printf2.o(i.__0vsprintf$2) refers to printf2.o(i._sputc) for _sputc
    printf3.o(i.__0fprintf$3) refers to printf3.o(i._printf_core) for _printf_core
    printf3.o(i.__0fprintf$3) refers to fputc.o(i.fputc) for fputc
    printf3.o(i.__0printf$3) refers to printf3.o(i._printf_core) for _printf_core
    printf3.o(i.__0printf$3) refers to fputc.o(i.fputc) for fputc
    printf3.o(i.__0printf$3) refers to stdout.o(.data) for __stdout
    printf3.o(i.__0snprintf$3) refers to printf3.o(i._printf_core) for _printf_core
    printf3.o(i.__0snprintf$3) refers to printf3.o(i._snputc) for _snputc
    printf3.o(i.__0sprintf$3) refers to printf3.o(i._printf_core) for _printf_core
    printf3.o(i.__0sprintf$3) refers to printf3.o(i._sputc) for _sputc
    printf3.o(i.__0vfprintf$3) refers to printf3.o(i._printf_core) for _printf_core
    printf3.o(i.__0vfprintf$3) refers to fputc.o(i.fputc) for fputc
    printf3.o(i.__0vprintf$3) refers to printf3.o(i._printf_core) for _printf_core
    printf3.o(i.__0vprintf$3) refers to fputc.o(i.fputc) for fputc
    printf3.o(i.__0vprintf$3) refers to stdout.o(.data) for __stdout
    printf3.o(i.__0vsnprintf$3) refers to printf3.o(i._printf_core) for _printf_core
    printf3.o(i.__0vsnprintf$3) refers to printf3.o(i._snputc) for _snputc
    printf3.o(i.__0vsprintf$3) refers to printf3.o(i._printf_core) for _printf_core
    printf3.o(i.__0vsprintf$3) refers to printf3.o(i._sputc) for _sputc
    printf3.o(i._printf_core) refers to uidiv.o(.text) for __aeabi_uidivmod
    printf4.o(i.__0fprintf$4) refers to printf4.o(i._printf_core) for _printf_core
    printf4.o(i.__0fprintf$4) refers to fputc.o(i.fputc) for fputc
    printf4.o(i.__0printf$4) refers to printf4.o(i._printf_core) for _printf_core
    printf4.o(i.__0printf$4) refers to fputc.o(i.fputc) for fputc
    printf4.o(i.__0printf$4) refers to stdout.o(.data) for __stdout
    printf4.o(i.__0snprintf$4) refers to printf4.o(i._printf_core) for _printf_core
    printf4.o(i.__0snprintf$4) refers to printf4.o(i._snputc) for _snputc
    printf4.o(i.__0sprintf$4) refers to printf4.o(i._printf_core) for _printf_core
    printf4.o(i.__0sprintf$4) refers to printf4.o(i._sputc) for _sputc
    printf4.o(i.__0vfprintf$4) refers to printf4.o(i._printf_core) for _printf_core
    printf4.o(i.__0vfprintf$4) refers to fputc.o(i.fputc) for fputc
    printf4.o(i.__0vprintf$4) refers to printf4.o(i._printf_core) for _printf_core
    printf4.o(i.__0vprintf$4) refers to fputc.o(i.fputc) for fputc
    printf4.o(i.__0vprintf$4) refers to stdout.o(.data) for __stdout
    printf4.o(i.__0vsnprintf$4) refers to printf4.o(i._printf_core) for _printf_core
    printf4.o(i.__0vsnprintf$4) refers to printf4.o(i._snputc) for _snputc
    printf4.o(i.__0vsprintf$4) refers to printf4.o(i._printf_core) for _printf_core
    printf4.o(i.__0vsprintf$4) refers to printf4.o(i._sputc) for _sputc
    printf4.o(i._printf_core) refers to uldiv.o(.text) for __aeabi_uldivmod
    printf5.o(i.__0fprintf$5) refers to printf5.o(i._printf_core) for _printf_core
    printf5.o(i.__0fprintf$5) refers to fputc.o(i.fputc) for fputc
    printf5.o(i.__0printf$5) refers to printf5.o(i._printf_core) for _printf_core
    printf5.o(i.__0printf$5) refers to fputc.o(i.fputc) for fputc
    printf5.o(i.__0printf$5) refers to stdout.o(.data) for __stdout
    printf5.o(i.__0snprintf$5) refers to printf5.o(i._printf_core) for _printf_core
    printf5.o(i.__0snprintf$5) refers to printf5.o(i._snputc) for _snputc
    printf5.o(i.__0sprintf$5) refers to printf5.o(i._printf_core) for _printf_core
    printf5.o(i.__0sprintf$5) refers to printf5.o(i._sputc) for _sputc
    printf5.o(i.__0vfprintf$5) refers to printf5.o(i._printf_core) for _printf_core
    printf5.o(i.__0vfprintf$5) refers to fputc.o(i.fputc) for fputc
    printf5.o(i.__0vprintf$5) refers to printf5.o(i._printf_core) for _printf_core
    printf5.o(i.__0vprintf$5) refers to fputc.o(i.fputc) for fputc
    printf5.o(i.__0vprintf$5) refers to stdout.o(.data) for __stdout
    printf5.o(i.__0vsnprintf$5) refers to printf5.o(i._printf_core) for _printf_core
    printf5.o(i.__0vsnprintf$5) refers to printf5.o(i._snputc) for _snputc
    printf5.o(i.__0vsprintf$5) refers to printf5.o(i._printf_core) for _printf_core
    printf5.o(i.__0vsprintf$5) refers to printf5.o(i._sputc) for _sputc
    printf5.o(i._printf_core) refers to uldiv.o(.text) for __aeabi_uldivmod
    printf6.o(i.__0fprintf$6) refers to printf6.o(i._printf_core) for _printf_core
    printf6.o(i.__0fprintf$6) refers to fputc.o(i.fputc) for fputc
    printf6.o(i.__0printf$6) refers to printf6.o(i._printf_core) for _printf_core
    printf6.o(i.__0printf$6) refers to fputc.o(i.fputc) for fputc
    printf6.o(i.__0printf$6) refers to stdout.o(.data) for __stdout
    printf6.o(i.__0snprintf$6) refers to printf6.o(i._printf_core) for _printf_core
    printf6.o(i.__0snprintf$6) refers to printf6.o(i._snputc) for _snputc
    printf6.o(i.__0sprintf$6) refers to printf6.o(i._printf_core) for _printf_core
    printf6.o(i.__0sprintf$6) refers to printf6.o(i._sputc) for _sputc
    printf6.o(i.__0vfprintf$6) refers to printf6.o(i._printf_core) for _printf_core
    printf6.o(i.__0vfprintf$6) refers to fputc.o(i.fputc) for fputc
    printf6.o(i.__0vprintf$6) refers to printf6.o(i._printf_core) for _printf_core
    printf6.o(i.__0vprintf$6) refers to fputc.o(i.fputc) for fputc
    printf6.o(i.__0vprintf$6) refers to stdout.o(.data) for __stdout
    printf6.o(i.__0vsnprintf$6) refers to printf6.o(i._printf_core) for _printf_core
    printf6.o(i.__0vsnprintf$6) refers to printf6.o(i._snputc) for _snputc
    printf6.o(i.__0vsprintf$6) refers to printf6.o(i._printf_core) for _printf_core
    printf6.o(i.__0vsprintf$6) refers to printf6.o(i._sputc) for _sputc
    printf6.o(i._printf_core) refers to printf6.o(i._printf_pre_padding) for _printf_pre_padding
    printf6.o(i._printf_core) refers to uidiv.o(.text) for __aeabi_uidivmod
    printf6.o(i._printf_core) refers to printf6.o(i._printf_post_padding) for _printf_post_padding
    printf7.o(i.__0fprintf$7) refers to printf7.o(i._printf_core) for _printf_core
    printf7.o(i.__0fprintf$7) refers to fputc.o(i.fputc) for fputc
    printf7.o(i.__0printf$7) refers to printf7.o(i._printf_core) for _printf_core
    printf7.o(i.__0printf$7) refers to fputc.o(i.fputc) for fputc
    printf7.o(i.__0printf$7) refers to stdout.o(.data) for __stdout
    printf7.o(i.__0snprintf$7) refers to printf7.o(i._printf_core) for _printf_core
    printf7.o(i.__0snprintf$7) refers to printf7.o(i._snputc) for _snputc
    printf7.o(i.__0sprintf$7) refers to printf7.o(i._printf_core) for _printf_core
    printf7.o(i.__0sprintf$7) refers to printf7.o(i._sputc) for _sputc
    printf7.o(i.__0vfprintf$7) refers to printf7.o(i._printf_core) for _printf_core
    printf7.o(i.__0vfprintf$7) refers to fputc.o(i.fputc) for fputc
    printf7.o(i.__0vprintf$7) refers to printf7.o(i._printf_core) for _printf_core
    printf7.o(i.__0vprintf$7) refers to fputc.o(i.fputc) for fputc
    printf7.o(i.__0vprintf$7) refers to stdout.o(.data) for __stdout
    printf7.o(i.__0vsnprintf$7) refers to printf7.o(i._printf_core) for _printf_core
    printf7.o(i.__0vsnprintf$7) refers to printf7.o(i._snputc) for _snputc
    printf7.o(i.__0vsprintf$7) refers to printf7.o(i._printf_core) for _printf_core
    printf7.o(i.__0vsprintf$7) refers to printf7.o(i._sputc) for _sputc
    printf7.o(i._printf_core) refers to printf7.o(i._printf_pre_padding) for _printf_pre_padding
    printf7.o(i._printf_core) refers to uldiv.o(.text) for __aeabi_uldivmod
    printf7.o(i._printf_core) refers to printf7.o(i._printf_post_padding) for _printf_post_padding
    printf8.o(i.__0fprintf$8) refers to printf8.o(i._printf_core) for _printf_core
    printf8.o(i.__0fprintf$8) refers to fputc.o(i.fputc) for fputc
    printf8.o(i.__0printf$8) refers to printf8.o(i._printf_core) for _printf_core
    printf8.o(i.__0printf$8) refers to fputc.o(i.fputc) for fputc
    printf8.o(i.__0printf$8) refers to stdout.o(.data) for __stdout
    printf8.o(i.__0snprintf$8) refers to printf8.o(i._printf_core) for _printf_core
    printf8.o(i.__0snprintf$8) refers to printf8.o(i._snputc) for _snputc
    printf8.o(i.__0sprintf$8) refers to printf8.o(i._printf_core) for _printf_core
    printf8.o(i.__0sprintf$8) refers to printf8.o(i._sputc) for _sputc
    printf8.o(i.__0vfprintf$8) refers to printf8.o(i._printf_core) for _printf_core
    printf8.o(i.__0vfprintf$8) refers to fputc.o(i.fputc) for fputc
    printf8.o(i.__0vprintf$8) refers to printf8.o(i._printf_core) for _printf_core
    printf8.o(i.__0vprintf$8) refers to fputc.o(i.fputc) for fputc
    printf8.o(i.__0vprintf$8) refers to stdout.o(.data) for __stdout
    printf8.o(i.__0vsnprintf$8) refers to printf8.o(i._printf_core) for _printf_core
    printf8.o(i.__0vsnprintf$8) refers to printf8.o(i._snputc) for _snputc
    printf8.o(i.__0vsprintf$8) refers to printf8.o(i._printf_core) for _printf_core
    printf8.o(i.__0vsprintf$8) refers to printf8.o(i._sputc) for _sputc
    printf8.o(i._printf_core) refers to printf8.o(i._printf_pre_padding) for _printf_pre_padding
    printf8.o(i._printf_core) refers to uldiv.o(.text) for __aeabi_uldivmod
    printf8.o(i._printf_core) refers to printf8.o(i._printf_post_padding) for _printf_post_padding
    printfa.o(i.__0fprintf) refers (Special) to iusefp.o(.text) for __I$use$fp
    printfa.o(i.__0fprintf) refers to printfa.o(i._printf_core) for _printf_core
    printfa.o(i.__0fprintf) refers to fputc.o(i.fputc) for fputc
    printfa.o(i.__0printf) refers (Special) to iusefp.o(.text) for __I$use$fp
    printfa.o(i.__0printf) refers to printfa.o(i._printf_core) for _printf_core
    printfa.o(i.__0printf) refers to fputc.o(i.fputc) for fputc
    printfa.o(i.__0printf) refers to stdout.o(.data) for __stdout
    printfa.o(i.__0snprintf) refers (Special) to iusefp.o(.text) for __I$use$fp
    printfa.o(i.__0snprintf) refers to printfa.o(i._printf_core) for _printf_core
    printfa.o(i.__0snprintf) refers to printfa.o(i._snputc) for _snputc
    printfa.o(i.__0sprintf) refers (Special) to iusefp.o(.text) for __I$use$fp
    printfa.o(i.__0sprintf) refers to printfa.o(i._printf_core) for _printf_core
    printfa.o(i.__0sprintf) refers to printfa.o(i._sputc) for _sputc
    printfa.o(i.__0vfprintf) refers (Special) to iusefp.o(.text) for __I$use$fp
    printfa.o(i.__0vfprintf) refers to printfa.o(i._printf_core) for _printf_core
    printfa.o(i.__0vfprintf) refers to fputc.o(i.fputc) for fputc
    printfa.o(i.__0vprintf) refers (Special) to iusefp.o(.text) for __I$use$fp
    printfa.o(i.__0vprintf) refers to printfa.o(i._printf_core) for _printf_core
    printfa.o(i.__0vprintf) refers to fputc.o(i.fputc) for fputc
    printfa.o(i.__0vprintf) refers to stdout.o(.data) for __stdout
    printfa.o(i.__0vsnprintf) refers (Special) to iusefp.o(.text) for __I$use$fp
    printfa.o(i.__0vsnprintf) refers to printfa.o(i._printf_core) for _printf_core
    printfa.o(i.__0vsnprintf) refers to printfa.o(i._snputc) for _snputc
    printfa.o(i.__0vsprintf) refers (Special) to iusefp.o(.text) for __I$use$fp
    printfa.o(i.__0vsprintf) refers to printfa.o(i._printf_core) for _printf_core
    printfa.o(i.__0vsprintf) refers to printfa.o(i._sputc) for _sputc
    printfa.o(i._fp_digits) refers (Special) to iusefp.o(.text) for __I$use$fp
    printfa.o(i._fp_digits) refers to dmul.o(.text) for __aeabi_dmul
    printfa.o(i._fp_digits) refers to ddiv.o(.text) for __aeabi_ddiv
    printfa.o(i._fp_digits) refers to cdrcmple.o(.text) for __aeabi_cdrcmple
    printfa.o(i._fp_digits) refers to dadd.o(.text) for __aeabi_dadd
    printfa.o(i._fp_digits) refers to dfixul.o(.text) for __aeabi_d2ulz
    printfa.o(i._fp_digits) refers to uldiv.o(.text) for __aeabi_uldivmod
    printfa.o(i._printf_core) refers (Special) to iusefp.o(.text) for __I$use$fp
    printfa.o(i._printf_core) refers to printfa.o(i._printf_pre_padding) for _printf_pre_padding
    printfa.o(i._printf_core) refers to uldiv.o(.text) for __aeabi_uldivmod
    printfa.o(i._printf_core) refers to printfa.o(i._printf_post_padding) for _printf_post_padding
    printfa.o(i._printf_core) refers to printfa.o(i._fp_digits) for _fp_digits
    printfa.o(i._printf_core) refers to uidiv.o(.text) for __aeabi_uidivmod
    printfa.o(i._printf_post_padding) refers (Special) to iusefp.o(.text) for __I$use$fp
    printfa.o(i._printf_pre_padding) refers (Special) to iusefp.o(.text) for __I$use$fp
    printfa.o(i._snputc) refers (Special) to iusefp.o(.text) for __I$use$fp
    printfa.o(i._sputc) refers (Special) to iusefp.o(.text) for __I$use$fp
    dadd.o(.text) refers (Special) to iusefp.o(.text) for __I$use$fp
    dadd.o(.text) refers to llshl.o(.text) for __aeabi_llsl
    dadd.o(.text) refers to llsshr.o(.text) for __aeabi_lasr
    dadd.o(.text) refers to depilogue.o(.text) for _double_epilogue
    dmul.o(.text) refers (Special) to iusefp.o(.text) for __I$use$fp
    dmul.o(.text) refers to depilogue.o(.text) for _double_epilogue
    ddiv.o(.text) refers (Special) to iusefp.o(.text) for __I$use$fp
    ddiv.o(.text) refers to depilogue.o(.text) for _double_round
    f2d.o(.text) refers (Special) to iusefp.o(.text) for __I$use$fp
    cdcmple.o(.text) refers (Special) to iusefp.o(.text) for __I$use$fp
    d2f.o(.text) refers (Special) to iusefp.o(.text) for __I$use$fp
    d2f.o(.text) refers to fepilogue.o(.text) for _float_round
    cos_i.o(i.__kernel_cos) refers (Special) to iusefp.o(.text) for __I$use$fp
    cos_i.o(i.__kernel_cos) refers to dfixi.o(.text) for __aeabi_d2iz
    cos_i.o(i.__kernel_cos) refers to dmul.o(.text) for __aeabi_dmul
    cos_i.o(i.__kernel_cos) refers to poly.o(i.__kernel_poly) for __kernel_poly
    cos_i.o(i.__kernel_cos) refers to dadd.o(.text) for __aeabi_dsub
    cos_i.o(i.__kernel_cos) refers to cos_i.o(.constdata) for .constdata
    cos_i.o(.constdata) refers (Special) to iusefp.o(.text) for __I$use$fp
    poly.o(i.__kernel_poly) refers (Special) to iusefp.o(.text) for __I$use$fp
    poly.o(i.__kernel_poly) refers to dmul.o(.text) for __aeabi_dmul
    poly.o(i.__kernel_poly) refers to dadd.o(.text) for __aeabi_dadd
    rred.o(i.__ieee754_rem_pio2) refers (Special) to iusefp.o(.text) for __I$use$fp
    rred.o(i.__ieee754_rem_pio2) refers to dadd.o(.text) for __aeabi_dsub
    rred.o(i.__ieee754_rem_pio2) refers to fabs.o(i.fabs) for fabs
    rred.o(i.__ieee754_rem_pio2) refers to dmul.o(.text) for __aeabi_dmul
    rred.o(i.__ieee754_rem_pio2) refers to dfixi.o(.text) for __aeabi_d2iz
    rred.o(i.__ieee754_rem_pio2) refers to dflti.o(.text) for __aeabi_i2d
    rred.o(i.__ieee754_rem_pio2) refers to dfltui.o(.text) for __aeabi_ui2d
    rred.o(i.__ieee754_rem_pio2) refers to rred.o(.constdata) for .constdata
    rred.o(i.__use_accurate_range_reduction) refers (Special) to iusefp.o(.text) for __I$use$fp
    rred.o(.constdata) refers (Special) to iusefp.o(.text) for __I$use$fp
    sin_i.o(i.__kernel_sin) refers (Special) to iusefp.o(.text) for __I$use$fp
    sin_i.o(i.__kernel_sin) refers to fpclassify.o(i.__ARM_fpclassify) for __ARM_fpclassify
    sin_i.o(i.__kernel_sin) refers to dunder.o(i.__mathlib_dbl_underflow) for __mathlib_dbl_underflow
    sin_i.o(i.__kernel_sin) refers to dmul.o(.text) for __aeabi_dmul
    sin_i.o(i.__kernel_sin) refers to poly.o(i.__kernel_poly) for __kernel_poly
    sin_i.o(i.__kernel_sin) refers to dadd.o(.text) for __aeabi_dsub
    sin_i.o(i.__kernel_sin) refers to sin_i.o(.constdata) for .constdata
    sin_i.o(.constdata) refers (Special) to iusefp.o(.text) for __I$use$fp
    sin_i_x.o(i.____kernel_sin$lsc) refers (Special) to iusefp.o(.text) for __I$use$fp
    sin_i_x.o(i.____kernel_sin$lsc) refers to dmul.o(.text) for __aeabi_dmul
    sin_i_x.o(i.____kernel_sin$lsc) refers to poly.o(i.__kernel_poly) for __kernel_poly
    sin_i_x.o(i.____kernel_sin$lsc) refers to dadd.o(.text) for __aeabi_dsub
    sin_i_x.o(i.____kernel_sin$lsc) refers to sin_i_x.o(.constdata) for .constdata
    sin_i_x.o(.constdata) refers (Special) to iusefp.o(.text) for __I$use$fp
    sqrt.o(i.__hardfp_sqrt) refers (Special) to iusefp.o(.text) for __I$use$fp
    sqrt.o(i.__hardfp_sqrt) refers to dsqrt.o(.text) for _dsqrt
    sqrt.o(i.__hardfp_sqrt) refers to errno.o(i.__set_errno) for __set_errno
    sqrt.o(i.__softfp_sqrt) refers (Special) to iusefp.o(.text) for __I$use$fp
    sqrt.o(i.__softfp_sqrt) refers to dsqrt.o(.text) for _dsqrt
    sqrt.o(i.__softfp_sqrt) refers to errno.o(i.__set_errno) for __set_errno
    sqrt.o(i.sqrt) refers (Special) to iusefp.o(.text) for __I$use$fp
    sqrt.o(i.sqrt) refers to dsqrt.o(.text) for _dsqrt
    sqrt.o(i.sqrt) refers to errno.o(i.__set_errno) for __set_errno
    sqrt_x.o(i.____hardfp_sqrt$lsc) refers (Special) to iusefp.o(.text) for __I$use$fp
    sqrt_x.o(i.____hardfp_sqrt$lsc) refers to cdcmple.o(.text) for __aeabi_cdcmple
    sqrt_x.o(i.____hardfp_sqrt$lsc) refers to errno.o(i.__set_errno) for __set_errno
    sqrt_x.o(i.____hardfp_sqrt$lsc) refers to dsqrt.o(.text) for _dsqrt
    sqrt_x.o(i.____softfp_sqrt$lsc) refers (Special) to iusefp.o(.text) for __I$use$fp
    sqrt_x.o(i.____softfp_sqrt$lsc) refers to cdcmple.o(.text) for __aeabi_cdcmple
    sqrt_x.o(i.____softfp_sqrt$lsc) refers to errno.o(i.__set_errno) for __set_errno
    sqrt_x.o(i.____softfp_sqrt$lsc) refers to dsqrt.o(.text) for _dsqrt
    sqrt_x.o(i.__sqrt$lsc) refers (Special) to iusefp.o(.text) for __I$use$fp
    sqrt_x.o(i.__sqrt$lsc) refers to cdcmple.o(.text) for __aeabi_cdcmple
    sqrt_x.o(i.__sqrt$lsc) refers to errno.o(i.__set_errno) for __set_errno
    sqrt_x.o(i.__sqrt$lsc) refers to dsqrt.o(.text) for _dsqrt
    entry2.o(.ARM.Collect$$$$00000001) refers to entry2.o(.ARM.Collect$$$$00002712) for __lit__00000000
    entry2.o(.ARM.Collect$$$$00002712) refers to startup_tm4c123.o(STACK) for __initial_sp
    entry2.o(__vectab_stack_and_reset_area) refers to startup_tm4c123.o(STACK) for __initial_sp
    entry2.o(__vectab_stack_and_reset_area) refers to entry.o(.ARM.Collect$$$$00000000) for __main
    entry5.o(.ARM.Collect$$$$00000004) refers to init.o(.text) for __scatterload
    entry9a.o(.ARM.Collect$$$$0000000B) refers to main.o(.text) for main
    entry9b.o(.ARM.Collect$$$$0000000C) refers to main.o(.text) for main
    fputc.o(i.fputc) refers (Special) to iusesemip.o(.text) for __I$use$semihosting$fputc
    fputc.o(i.fputc) refers (Special) to semi.o(.text) for __semihosting_library_function
    uldiv.o(.text) refers to llushr.o(.text) for __aeabi_llsr
    uldiv.o(.text) refers to llshl.o(.text) for __aeabi_llsl
    errno.o(i.__aeabi_errno_addr) refers to errno.o(.data) for .data
    errno.o(i.__read_errno) refers to errno.o(.data) for .data
    errno.o(i.__set_errno) refers to errno.o(.data) for .data
    strtod.o(.text) refers to scanf_fp.o(.text) for _scanf_real
    strtod.o(.text) refers to _sgetc.o(.text) for _sgetc
    strtod.o(.text) refers to isspace_c.o(.text) for isspace
    depilogue.o(.text) refers to llshl.o(.text) for __aeabi_llsl
    depilogue.o(.text) refers to llushr.o(.text) for __aeabi_llsr
    dfixul.o(.text) refers to llushr.o(.text) for __aeabi_llsr
    dfixul.o(.text) refers to llshl.o(.text) for __aeabi_llsl
    dunder.o(i.__mathlib_dbl_underflow) refers to dmul.o(.text) for __aeabi_dmul
    fabs.o(i.__hardfp_fabs) refers (Special) to iusefp.o(.text) for __I$use$fp
    fabs.o(i.__softfp_fabs) refers (Special) to iusefp.o(.text) for __I$use$fp
    fabs.o(i.fabs) refers (Special) to iusefp.o(.text) for __I$use$fp
    fpclassify.o(i.__ARM_fpclassify) refers (Special) to iusefp.o(.text) for __I$use$fp
    init.o(.text) refers to entry5.o(.ARM.Collect$$$$00000004) for __main_after_scatterload
    isspace_c.o(.text) refers to ctype_c.o(.text) for __ctype_lookup
    scanf_fp.o(.text) refers (Special) to iusefp.o(.text) for __I$use$fp
    scanf_fp.o(.text) refers to dfltul.o(.text) for __aeabi_ul2d
    scanf_fp.o(.text) refers to dmul.o(.text) for __aeabi_dmul
    scanf_fp.o(.text) refers to ddiv.o(.text) for __aeabi_ddiv
    scanf_fp.o(.text) refers to scanf_fp.o(i._is_digit) for _is_digit
    scanf_fp.o(.text) refers to d2f.o(.text) for __aeabi_d2f
    dsqrt.o(.text) refers to llushr.o(.text) for __aeabi_llsr
    dsqrt.o(.text) refers to depilogue.o(.text) for _double_round
    dflti.o(.text) refers to depilogue.o(.text) for _double_epilogue
    dfltui.o(.text) refers to depilogue.o(.text) for _double_epilogue
    dfixi.o(.text) refers to llushr.o(.text) for __aeabi_llsr
    ctype_c.o(.text) refers to ctype_c.o(.constdata) for .constdata
    dfltul.o(.text) refers to depilogue.o(.text) for _double_epilogue
    scanf_fp.o(i._is_digit) refers (Special) to iusefp.o(.text) for __I$use$fp


==============================================================================

Removing Unused input sections from the image.

    Removing calc_disp.o(.text), (768 bytes).
    Removing main.o(.data), (56 bytes).
    Removing startup_tm4c123.o(HEAP), (0 bytes).
    Removing cdcmple.o(.text), (40 bytes).
    Removing dneg.o(.text), (6 bytes).
    Removing dsqrt.o(.text), (162 bytes).
    Removing dflti.o(.text), (34 bytes).
    Removing dfltui.o(.text), (26 bytes).
    Removing dfixi.o(.text), (62 bytes).

9 unused section(s) (total 1154 bytes) removed from the image.

==============================================================================

Image Symbol Table

    Local Symbols

    Symbol Name                              Value     Ov Type        Size  Object(Section)

    RESET                                    0x00000000   Section      620  startup_tm4c123.o(RESET)
    ../clib/microlib/ctype/ctype.c           0x00000000   Number         0  isspace_c.o ABSOLUTE
    ../clib/microlib/ctype/ctype.c           0x00000000   Number         0  ctype_c.o ABSOLUTE
    ../clib/microlib/division.c              0x00000000   Number         0  uidiv.o ABSOLUTE
    ../clib/microlib/division.c              0x00000000   Number         0  uldiv.o ABSOLUTE
    ../clib/microlib/errno.c                 0x00000000   Number         0  errno.o ABSOLUTE
    ../clib/microlib/init/entry.s            0x00000000   Number         0  entry7b.o ABSOLUTE
    ../clib/microlib/init/entry.s            0x00000000   Number         0  entry8b.o ABSOLUTE
    ../clib/microlib/init/entry.s            0x00000000   Number         0  entry2.o ABSOLUTE
    ../clib/microlib/init/entry.s            0x00000000   Number         0  entry9a.o ABSOLUTE
    ../clib/microlib/init/entry.s            0x00000000   Number         0  entry9b.o ABSOLUTE
    ../clib/microlib/init/entry.s            0x00000000   Number         0  entry10b.o ABSOLUTE
    ../clib/microlib/init/entry.s            0x00000000   Number         0  entry11a.o ABSOLUTE
    ../clib/microlib/init/entry.s            0x00000000   Number         0  entry8a.o ABSOLUTE
    ../clib/microlib/init/entry.s            0x00000000   Number         0  entry11b.o ABSOLUTE
    ../clib/microlib/init/entry.s            0x00000000   Number         0  entry.o ABSOLUTE
    ../clib/microlib/init/entry.s            0x00000000   Number         0  entry10a.o ABSOLUTE
    ../clib/microlib/init/entry.s            0x00000000   Number         0  entry7a.o ABSOLUTE
    ../clib/microlib/init/entry.s            0x00000000   Number         0  entry5.o ABSOLUTE
    ../clib/microlib/longlong.c              0x00000000   Number         0  llushr.o ABSOLUTE
    ../clib/microlib/longlong.c              0x00000000   Number         0  llsshr.o ABSOLUTE
    ../clib/microlib/longlong.c              0x00000000   Number         0  llshl.o ABSOLUTE
    ../clib/microlib/printf/printf.c         0x00000000   Number         0  printf2.o ABSOLUTE
    ../clib/microlib/printf/printf.c         0x00000000   Number         0  printfb.o ABSOLUTE
    ../clib/microlib/printf/printf.c         0x00000000   Number         0  printf8.o ABSOLUTE
    ../clib/microlib/printf/printf.c         0x00000000   Number         0  printf7.o ABSOLUTE
    ../clib/microlib/printf/printf.c         0x00000000   Number         0  printf0.o ABSOLUTE
    ../clib/microlib/printf/printf.c         0x00000000   Number         0  printf6.o ABSOLUTE
    ../clib/microlib/printf/printf.c         0x00000000   Number         0  printf5.o ABSOLUTE
    ../clib/microlib/printf/printf.c         0x00000000   Number         0  printf1.o ABSOLUTE
    ../clib/microlib/printf/printf.c         0x00000000   Number         0  printfa.o ABSOLUTE
    ../clib/microlib/printf/printf.c         0x00000000   Number         0  printf3.o ABSOLUTE
    ../clib/microlib/printf/printf.c         0x00000000   Number         0  printf4.o ABSOLUTE
    ../clib/microlib/printf/stubs.s          0x00000000   Number         0  stubs.o ABSOLUTE
    ../clib/microlib/stdio/fputc.c           0x00000000   Number         0  fputc.o ABSOLUTE
    ../clib/microlib/stdio/semi.s            0x00000000   Number         0  semi.o ABSOLUTE
    ../clib/microlib/stdio/streams.c         0x00000000   Number         0  stdout.o ABSOLUTE
    ../clib/microlib/string/strcpy.c         0x00000000   Number         0  strcpy.o ABSOLUTE
    ../clib/microlib/string/strtok.c         0x00000000   Number         0  strtok.o ABSOLUTE
    ../clib/microlib/string/strtok.c         0x00000000   Number         0  strtok_r.o ABSOLUTE
    ../clib/microlib/stubs.s                 0x00000000   Number         0  iusefp.o ABSOLUTE
    ../clib/microlib/stubs.s                 0x00000000   Number         0  iusesemip.o ABSOLUTE
    ../clib/scanf.c                          0x00000000   Number         0  strtod.o ABSOLUTE
    ../clib/scanf.c                          0x00000000   Number         0  scanf_fp.o ABSOLUTE
    ../clib/scanf.c                          0x00000000   Number         0  _sgetc.o ABSOLUTE
    ../fplib/microlib/d2f.c                  0x00000000   Number         0  d2f.o ABSOLUTE
    ../fplib/microlib/f2d.c                  0x00000000   Number         0  f2d.o ABSOLUTE
    ../fplib/microlib/fpadd.c                0x00000000   Number         0  dadd.o ABSOLUTE
    ../fplib/microlib/fpdiv.c                0x00000000   Number         0  ddiv.o ABSOLUTE
    ../fplib/microlib/fpepilogue.c           0x00000000   Number         0  depilogue.o ABSOLUTE
    ../fplib/microlib/fpepilogue.c           0x00000000   Number         0  fepilogue.o ABSOLUTE
    ../fplib/microlib/fpfix.c                0x00000000   Number         0  dfixul.o ABSOLUTE
    ../fplib/microlib/fpfix.c                0x00000000   Number         0  dfixi.o ABSOLUTE
    ../fplib/microlib/fpflt.c                0x00000000   Number         0  dflti.o ABSOLUTE
    ../fplib/microlib/fpflt.c                0x00000000   Number         0  dfltui.o ABSOLUTE
    ../fplib/microlib/fpflt.c                0x00000000   Number         0  dfltul.o ABSOLUTE
    ../fplib/microlib/fpmul.c                0x00000000   Number         0  dmul.o ABSOLUTE
    ../fplib/microlib/fpneg.c                0x00000000   Number         0  dneg.o ABSOLUTE
    ../fplib/microlib/fpsqrt.c               0x00000000   Number         0  dsqrt.o ABSOLUTE
    ../mathlib/acos.c                        0x00000000   Number         0  acos_x.o ABSOLUTE
    ../mathlib/acos.c                        0x00000000   Number         0  acos.o ABSOLUTE
    ../mathlib/atof.c                        0x00000000   Number         0  atof.o ABSOLUTE
    ../mathlib/cos.c                         0x00000000   Number         0  cos_x.o ABSOLUTE
    ../mathlib/cos.c                         0x00000000   Number         0  cos.o ABSOLUTE
    ../mathlib/cos_i.c                       0x00000000   Number         0  cos_i.o ABSOLUTE
    ../mathlib/dunder.c                      0x00000000   Number         0  dunder.o ABSOLUTE
    ../mathlib/fabs.c                        0x00000000   Number         0  fabs.o ABSOLUTE
    ../mathlib/fpclassify.c                  0x00000000   Number         0  fpclassify.o ABSOLUTE
    ../mathlib/poly.c                        0x00000000   Number         0  poly.o ABSOLUTE
    ../mathlib/rred.c                        0x00000000   Number         0  rred.o ABSOLUTE
    ../mathlib/sin.c                         0x00000000   Number         0  sin_x.o ABSOLUTE
    ../mathlib/sin.c                         0x00000000   Number         0  sin.o ABSOLUTE
    ../mathlib/sin_i.c                       0x00000000   Number         0  sin_i.o ABSOLUTE
    ../mathlib/sin_i.c                       0x00000000   Number         0  sin_i_x.o ABSOLUTE
    ../mathlib/sqrt.c                        0x00000000   Number         0  sqrt.o ABSOLUTE
    ../mathlib/sqrt.c                        0x00000000   Number         0  sqrt_x.o ABSOLUTE
    CALC_DISP.c                              0x00000000   Number         0  calc_disp.o ABSOLUTE
    GPIO_DRIVER.c                            0x00000000   Number         0  gpio_driver.o ABSOLUTE
    NMEA FNS.c                               0x00000000   Number         0  nmea fns.o ABSOLUTE
    UART_INIT.c                              0x00000000   Number         0  uart_init.o ABSOLUTE
    cdcmple.s                                0x00000000   Number         0  cdcmple.o ABSOLUTE
    cdrcmple.s                               0x00000000   Number         0  cdrcmple.o ABSOLUTE
    dc.s                                     0x00000000   Number         0  dc.o ABSOLUTE
    eeprom.c                                 0x00000000   Number         0  eeprom.o ABSOLUTE
    eepromfunc.c                             0x00000000   Number         0  eepromfunc.o ABSOLUTE
    handlers.s                               0x00000000   Number         0  handlers.o ABSOLUTE
    init.s                                   0x00000000   Number         0  init.o ABSOLUTE
    main.c                                   0x00000000   Number         0  main.o ABSOLUTE
    startup_TM4C123.s                        0x00000000   Number         0  startup_tm4c123.o ABSOLUTE
    systick.c                                0x00000000   Number         0  systick.o ABSOLUTE
    .ARM.Collect$$$$00000000                 0x0000026c   Section        0  entry.o(.ARM.Collect$$$$00000000)
    .ARM.Collect$$$$00000001                 0x0000026c   Section        4  entry2.o(.ARM.Collect$$$$00000001)
    .ARM.Collect$$$$00000004                 0x00000270   Section        4  entry5.o(.ARM.Collect$$$$00000004)
    .ARM.Collect$$$$00000008                 0x00000274   Section        0  entry7b.o(.ARM.Collect$$$$00000008)
    .ARM.Collect$$$$0000000A                 0x00000274   Section        0  entry8b.o(.ARM.Collect$$$$0000000A)
    .ARM.Collect$$$$0000000B                 0x00000274   Section        8  entry9a.o(.ARM.Collect$$$$0000000B)
    .ARM.Collect$$$$0000000D                 0x0000027c   Section        0  entry10a.o(.ARM.Collect$$$$0000000D)
    .ARM.Collect$$$$0000000F                 0x0000027c   Section        0  entry11a.o(.ARM.Collect$$$$0000000F)
    .ARM.Collect$$$$00002712                 0x0000027c   Section        4  entry2.o(.ARM.Collect$$$$00002712)
    __lit__00000000                          0x0000027c   Data           4  entry2.o(.ARM.Collect$$$$00002712)
    .text                                    0x00000280   Section        0  gpio_driver.o(.text)
    .text                                    0x000003e8   Section        0  main.o(.text)
    .text                                    0x00000440   Section        0  nmea fns.o(.text)
    .text                                    0x0000061c   Section        0  uart_init.o(.text)
    .text                                    0x0000072c   Section      268  startup_tm4c123.o(.text)
    $v0                                      0x0000072c   Number         0  startup_tm4c123.o(.text)
    .text                                    0x00000838   Section        0  strcpy.o(.text)
    .text                                    0x0000084c   Section        0  strtok.o(.text)
    .text                                    0x00000890   Section        0  dadd.o(.text)
    .text                                    0x000009de   Section        0  dmul.o(.text)
    .text                                    0x00000ac2   Section        0  ddiv.o(.text)
    .text                                    0x00000ba0   Section        0  f2d.o(.text)
    .text                                    0x00000bc6   Section        0  d2f.o(.text)
    .text                                    0x00000bfe   Section        0  uidiv.o(.text)
    .text                                    0x00000c2a   Section        0  uldiv.o(.text)
    .text                                    0x00000c8c   Section        0  llshl.o(.text)
    .text                                    0x00000caa   Section        0  llsshr.o(.text)
    .text                                    0x00000cd0   Section        0  strtod.o(.text)
    _local_sscanf                            0x00000cd1   Thumb Code    54  strtod.o(.text)
    .text                                    0x00000d6c   Section        0  iusefp.o(.text)
    .text                                    0x00000d6c   Section        0  fepilogue.o(.text)
    .text                                    0x00000dd8   Section        0  depilogue.o(.text)
    .text                                    0x00000e96   Section        0  dfixul.o(.text)
    .text                                    0x00000ec8   Section       40  cdrcmple.o(.text)
    .text                                    0x00000ef0   Section       36  init.o(.text)
    .text                                    0x00000f14   Section        0  semi.o(.text)
    .text                                    0x00000f14   Section        0  llushr.o(.text)
    .text                                    0x00000f34   Section        0  isspace_c.o(.text)
    .text                                    0x00000f40   Section        0  scanf_fp.o(.text)
    _fp_value                                0x00000f41   Thumb Code   256  scanf_fp.o(.text)
    .text                                    0x0000127c   Section        0  _sgetc.o(.text)
    .text                                    0x000012bc   Section        0  iusesemip.o(.text)
    .text                                    0x000012bc   Section        0  ctype_c.o(.text)
    .text                                    0x000012e4   Section        0  dfltul.o(.text)
    i.__0printf                              0x000012fc   Section        0  printfa.o(i.__0printf)
    i.__hardfp_atof                          0x00001320   Section        0  atof.o(i.__hardfp_atof)
    i.__read_errno                           0x00001358   Section        0  errno.o(i.__read_errno)
    i.__scatterload_copy                     0x00001364   Section       14  handlers.o(i.__scatterload_copy)
    i.__scatterload_null                     0x00001372   Section        2  handlers.o(i.__scatterload_null)
    i.__scatterload_zeroinit                 0x00001374   Section       14  handlers.o(i.__scatterload_zeroinit)
    i.__set_errno                            0x00001384   Section        0  errno.o(i.__set_errno)
    i._fp_digits                             0x00001390   Section        0  printfa.o(i._fp_digits)
    _fp_digits                               0x00001391   Thumb Code   326  printfa.o(i._fp_digits)
    i._is_digit                              0x000014ec   Section        0  scanf_fp.o(i._is_digit)
    i._printf_core                           0x000014fc   Section        0  printfa.o(i._printf_core)
    _printf_core                             0x000014fd   Thumb Code  1762  printfa.o(i._printf_core)
    i._printf_post_padding                   0x00001bec   Section        0  printfa.o(i._printf_post_padding)
    _printf_post_padding                     0x00001bed   Thumb Code    38  printfa.o(i._printf_post_padding)
    i._printf_pre_padding                    0x00001c12   Section        0  printfa.o(i._printf_pre_padding)
    _printf_pre_padding                      0x00001c13   Thumb Code    48  printfa.o(i._printf_pre_padding)
    i.fputc                                  0x00001c42   Section        0  fputc.o(i.fputc)
    .constdata                               0x00001c54   Section       64  ctype_c.o(.constdata)
    .data                                    0x20000000   Section        4  strtok.o(.data)
    state                                    0x20000000   Data           4  strtok.o(.data)
    .data                                    0x20000004   Section        4  stdout.o(.data)
    .data                                    0x20000008   Section        4  errno.o(.data)
    _errno                                   0x20000008   Data           4  errno.o(.data)
    STACK                                    0x20000010   Section      512  startup_tm4c123.o(STACK)

    Global Symbols

    Symbol Name                              Value     Ov Type        Size  Object(Section)

    BuildAttributes$$THM_ISAv4$E$P$D$K$B$S$7EM$VFPi3$EXTD16$VFPS$VFMA$PE$A:L22UL41UL21$X:L11$S22US41US21$IEEE1$IW$USESV6$~STKCKD$USESV7$~SHL$OTIME$ROPI$IEEEX$EBA8$MICROLIB$REQ8$PRES8$EABIv2 0x00000000   Number         0  anon$$obj.o ABSOLUTE
    __ARM_use_no_argv                        0x00000000   Number         0  main.o ABSOLUTE
    __Vectors                                0x00000000   Data           4  startup_tm4c123.o(RESET)
    _printf_a                                0x00000000   Number         0  stubs.o ABSOLUTE
    _printf_c                                0x00000000   Number         0  stubs.o ABSOLUTE
    _printf_charcount                        0x00000000   Number         0  stubs.o ABSOLUTE
    _printf_d                                0x00000000   Number         0  stubs.o ABSOLUTE
    _printf_e                                0x00000000   Number         0  stubs.o ABSOLUTE
    _printf_f                                0x00000000   Number         0  stubs.o ABSOLUTE
    _printf_flags                            0x00000000   Number         0  stubs.o ABSOLUTE
    _printf_fp_dec                           0x00000000   Number         0  stubs.o ABSOLUTE
    _printf_fp_hex                           0x00000000   Number         0  stubs.o ABSOLUTE
    _printf_g                                0x00000000   Number         0  stubs.o ABSOLUTE
    _printf_i                                0x00000000   Number         0  stubs.o ABSOLUTE
    _printf_int_dec                          0x00000000   Number         0  stubs.o ABSOLUTE
    _printf_l                                0x00000000   Number         0  stubs.o ABSOLUTE
    _printf_lc                               0x00000000   Number         0  stubs.o ABSOLUTE
    _printf_ll                               0x00000000   Number         0  stubs.o ABSOLUTE
    _printf_lld                              0x00000000   Number         0  stubs.o ABSOLUTE
    _printf_lli                              0x00000000   Number         0  stubs.o ABSOLUTE
    _printf_llo                              0x00000000   Number         0  stubs.o ABSOLUTE
    _printf_llu                              0x00000000   Number         0  stubs.o ABSOLUTE
    _printf_llx                              0x00000000   Number         0  stubs.o ABSOLUTE
    _printf_longlong_dec                     0x00000000   Number         0  stubs.o ABSOLUTE
    _printf_longlong_hex                     0x00000000   Number         0  stubs.o ABSOLUTE
    _printf_longlong_oct                     0x00000000   Number         0  stubs.o ABSOLUTE
    _printf_ls                               0x00000000   Number         0  stubs.o ABSOLUTE
    _printf_mbtowc                           0x00000000   Number         0  stubs.o ABSOLUTE
    _printf_n                                0x00000000   Number         0  stubs.o ABSOLUTE
    _printf_o                                0x00000000   Number         0  stubs.o ABSOLUTE
    _printf_p                                0x00000000   Number         0  stubs.o ABSOLUTE
    _printf_percent                          0x00000000   Number         0  stubs.o ABSOLUTE
    _printf_pre_padding                      0x00000000   Number         0  stubs.o ABSOLUTE
    _printf_return_value                     0x00000000   Number         0  stubs.o ABSOLUTE
    _printf_s                                0x00000000   Number         0  stubs.o ABSOLUTE
    _printf_sizespec                         0x00000000   Number         0  stubs.o ABSOLUTE
    _printf_str                              0x00000000   Number         0  stubs.o ABSOLUTE
    _printf_truncate_signed                  0x00000000   Number         0  stubs.o ABSOLUTE
    _printf_truncate_unsigned                0x00000000   Number         0  stubs.o ABSOLUTE
    _printf_u                                0x00000000   Number         0  stubs.o ABSOLUTE
    _printf_wc                               0x00000000   Number         0  stubs.o ABSOLUTE
    _printf_wctomb                           0x00000000   Number         0  stubs.o ABSOLUTE
    _printf_widthprec                        0x00000000   Number         0  stubs.o ABSOLUTE
    _printf_x                                0x00000000   Number         0  stubs.o ABSOLUTE
    __cpp_initialize__aeabi_                  - Undefined Weak Reference
    __cxa_finalize                            - Undefined Weak Reference
    __decompress                              - Undefined Weak Reference
    _clock_init                               - Undefined Weak Reference
    _microlib_exit                            - Undefined Weak Reference
    __Vectors_End                            0x0000026c   Data           0  startup_tm4c123.o(RESET)
    __Vectors_Size                           0x0000026c   Number         0  startup_tm4c123.o ABSOLUTE
    __main                                   0x0000026d   Thumb Code     0  entry.o(.ARM.Collect$$$$00000000)
    _main_stk                                0x0000026d   Thumb Code     0  entry2.o(.ARM.Collect$$$$00000001)
    _main_scatterload                        0x00000271   Thumb Code     0  entry5.o(.ARM.Collect$$$$00000004)
    __main_after_scatterload                 0x00000275   Thumb Code     0  entry5.o(.ARM.Collect$$$$00000004)
    _main_clock                              0x00000275   Thumb Code     0  entry7b.o(.ARM.Collect$$$$00000008)
    _main_cpp_init                           0x00000275   Thumb Code     0  entry8b.o(.ARM.Collect$$$$0000000A)
    _main_init                               0x00000275   Thumb Code     0  entry9a.o(.ARM.Collect$$$$0000000B)
    __rt_final_cpp                           0x0000027d   Thumb Code     0  entry10a.o(.ARM.Collect$$$$0000000D)
    __rt_final_exit                          0x0000027d   Thumb Code     0  entry11a.o(.ARM.Collect$$$$0000000F)
    SWITCH_INIT                              0x00000281   Thumb Code   146  gpio_driver.o(.text)
    LED_INIT                                 0x00000313   Thumb Code   130  gpio_driver.o(.text)
    sw1_read                                 0x00000395   Thumb Code    10  gpio_driver.o(.text)
    sw2_read                                 0x0000039f   Thumb Code    10  gpio_driver.o(.text)
    LED_ON                                   0x000003a9   Thumb Code    16  gpio_driver.o(.text)
    LED_OFF                                  0x000003b9   Thumb Code    16  gpio_driver.o(.text)
    main                                     0x000003e9   Thumb Code    86  main.o(.text)
    extractlatitudesdirection                0x00000441   Thumb Code    70  nmea fns.o(.text)
    extractlatitudes                         0x00000487   Thumb Code   126  nmea fns.o(.text)
    extractlongtitudes                       0x00000505   Thumb Code   126  nmea fns.o(.text)
    extractlongtitudesdirection              0x00000583   Thumb Code    70  nmea fns.o(.text)
    UART_INI                                 0x0000061d   Thumb Code   134  uart_init.o(.text)
    CHECK_UART_READ_DATA                     0x000006a3   Thumb Code    18  uart_init.o(.text)
    READ_UART                                0x000006b5   Thumb Code    20  uart_init.o(.text)
    WRITE_UART                               0x000006c9   Thumb Code    18  uart_init.o(.text)
    GPS_GET_LINE                             0x000006db   Thumb Code    62  uart_init.o(.text)
    Reset_Handler                            0x0000072d   Thumb Code    24  startup_tm4c123.o(.text)
    NMI_Handler                              0x00000745   Thumb Code     2  startup_tm4c123.o(.text)
    HardFault_Handler                        0x00000747   Thumb Code     2  startup_tm4c123.o(.text)
    MemManage_Handler                        0x00000749   Thumb Code     2  startup_tm4c123.o(.text)
    BusFault_Handler                         0x0000074b   Thumb Code     2  startup_tm4c123.o(.text)
    UsageFault_Handler                       0x0000074d   Thumb Code     2  startup_tm4c123.o(.text)
    SVC_Handler                              0x0000074f   Thumb Code     2  startup_tm4c123.o(.text)
    DebugMon_Handler                         0x00000751   Thumb Code     2  startup_tm4c123.o(.text)
    PendSV_Handler                           0x00000753   Thumb Code     2  startup_tm4c123.o(.text)
    SysTick_Handler                          0x00000755   Thumb Code     2  startup_tm4c123.o(.text)
    GPIOA_Handler                            0x00000757   Thumb Code     2  startup_tm4c123.o(.text)
    GPIOB_Handler                            0x00000759   Thumb Code     2  startup_tm4c123.o(.text)
    GPIOC_Handler                            0x0000075b   Thumb Code     2  startup_tm4c123.o(.text)
    GPIOD_Handler                            0x0000075d   Thumb Code     2  startup_tm4c123.o(.text)
    GPIOE_Handler                            0x0000075f   Thumb Code     2  startup_tm4c123.o(.text)
    UART0_Handler                            0x00000761   Thumb Code     2  startup_tm4c123.o(.text)
    UART1_Handler                            0x00000763   Thumb Code     2  startup_tm4c123.o(.text)
    SSI0_Handler                             0x00000765   Thumb Code     2  startup_tm4c123.o(.text)
    I2C0_Handler                             0x00000767   Thumb Code     2  startup_tm4c123.o(.text)
    PMW0_FAULT_Handler                       0x00000769   Thumb Code     2  startup_tm4c123.o(.text)
    PWM0_0_Handler                           0x0000076b   Thumb Code     2  startup_tm4c123.o(.text)
    PWM0_1_Handler                           0x0000076d   Thumb Code     2  startup_tm4c123.o(.text)
    PWM0_2_Handler                           0x0000076f   Thumb Code     2  startup_tm4c123.o(.text)
    QEI0_Handler                             0x00000771   Thumb Code     2  startup_tm4c123.o(.text)
    ADC0SS0_Handler                          0x00000773   Thumb Code     2  startup_tm4c123.o(.text)
    ADC0SS1_Handler                          0x00000775   Thumb Code     2  startup_tm4c123.o(.text)
    ADC0SS2_Handler                          0x00000777   Thumb Code     2  startup_tm4c123.o(.text)
    ADC0SS3_Handler                          0x00000779   Thumb Code     2  startup_tm4c123.o(.text)
    WDT0_Handler                             0x0000077b   Thumb Code     2  startup_tm4c123.o(.text)
    TIMER0A_Handler                          0x0000077d   Thumb Code     2  startup_tm4c123.o(.text)
    TIMER0B_Handler                          0x0000077f   Thumb Code     2  startup_tm4c123.o(.text)
    TIMER1A_Handler                          0x00000781   Thumb Code     2  startup_tm4c123.o(.text)
    TIMER1B_Handler                          0x00000783   Thumb Code     2  startup_tm4c123.o(.text)
    TIMER2A_Handler                          0x00000785   Thumb Code     2  startup_tm4c123.o(.text)
    TIMER2B_Handler                          0x00000787   Thumb Code     2  startup_tm4c123.o(.text)
    COMP0_Handler                            0x00000789   Thumb Code     2  startup_tm4c123.o(.text)
    COMP1_Handler                            0x0000078b   Thumb Code     2  startup_tm4c123.o(.text)
    COMP2_Handler                            0x0000078d   Thumb Code     2  startup_tm4c123.o(.text)
    SYSCTL_Handler                           0x0000078f   Thumb Code     2  startup_tm4c123.o(.text)
    FLASH_Handler                            0x00000791   Thumb Code     2  startup_tm4c123.o(.text)
    GPIOF_Handler                            0x00000793   Thumb Code     2  startup_tm4c123.o(.text)
    GPIOG_Handler                            0x00000795   Thumb Code     2  startup_tm4c123.o(.text)
    GPIOH_Handler                            0x00000797   Thumb Code     2  startup_tm4c123.o(.text)
    UART2_Handler                            0x00000799   Thumb Code     2  startup_tm4c123.o(.text)
    SSI1_Handler                             0x0000079b   Thumb Code     2  startup_tm4c123.o(.text)
    TIMER3A_Handler                          0x0000079d   Thumb Code     2  startup_tm4c123.o(.text)
    TIMER3B_Handler                          0x0000079f   Thumb Code     2  startup_tm4c123.o(.text)
    I2C1_Handler                             0x000007a1   Thumb Code     2  startup_tm4c123.o(.text)
    QEI1_Handler                             0x000007a3   Thumb Code     2  startup_tm4c123.o(.text)
    CAN0_Handler                             0x000007a5   Thumb Code     2  startup_tm4c123.o(.text)
    CAN1_Handler                             0x000007a7   Thumb Code     2  startup_tm4c123.o(.text)
    CAN2_Handler                             0x000007a9   Thumb Code     2  startup_tm4c123.o(.text)
    HIB_Handler                              0x000007ab   Thumb Code     2  startup_tm4c123.o(.text)
    USB0_Handler                             0x000007ad   Thumb Code     2  startup_tm4c123.o(.text)
    PWM0_3_Handler                           0x000007af   Thumb Code     2  startup_tm4c123.o(.text)
    UDMA_Handler                             0x000007b1   Thumb Code     2  startup_tm4c123.o(.text)
    UDMAERR_Handler                          0x000007b3   Thumb Code     2  startup_tm4c123.o(.text)
    ADC1SS0_Handler                          0x000007b5   Thumb Code     2  startup_tm4c123.o(.text)
    ADC1SS1_Handler                          0x000007b7   Thumb Code     2  startup_tm4c123.o(.text)
    ADC1SS2_Handler                          0x000007b9   Thumb Code     2  startup_tm4c123.o(.text)
    ADC1SS3_Handler                          0x000007bb   Thumb Code     2  startup_tm4c123.o(.text)
    GPIOJ_Handler                            0x000007bd   Thumb Code     2  startup_tm4c123.o(.text)
    GPIOK_Handler                            0x000007bf   Thumb Code     2  startup_tm4c123.o(.text)
    GPIOL_Handler                            0x000007c1   Thumb Code     2  startup_tm4c123.o(.text)
    SSI2_Handler                             0x000007c3   Thumb Code     2  startup_tm4c123.o(.text)
    SSI3_Handler                             0x000007c5   Thumb Code     2  startup_tm4c123.o(.text)
    UART3_Handler                            0x000007c7   Thumb Code     2  startup_tm4c123.o(.text)
    UART4_Handler                            0x000007c9   Thumb Code     2  startup_tm4c123.o(.text)
    UART5_Handler                            0x000007cb   Thumb Code     2  startup_tm4c123.o(.text)
    UART6_Handler                            0x000007cd   Thumb Code     2  startup_tm4c123.o(.text)
    UART7_Handler                            0x000007cf   Thumb Code     2  startup_tm4c123.o(.text)
    I2C2_Handler                             0x000007d1   Thumb Code     2  startup_tm4c123.o(.text)
    I2C3_Handler                             0x000007d3   Thumb Code     2  startup_tm4c123.o(.text)
    TIMER4A_Handler                          0x000007d5   Thumb Code     2  startup_tm4c123.o(.text)
    TIMER4B_Handler                          0x000007d7   Thumb Code     2  startup_tm4c123.o(.text)
    TIMER5A_Handler                          0x000007d9   Thumb Code     2  startup_tm4c123.o(.text)
    TIMER5B_Handler                          0x000007db   Thumb Code     2  startup_tm4c123.o(.text)
    WTIMER0A_Handler                         0x000007dd   Thumb Code     2  startup_tm4c123.o(.text)
    WTIMER0B_Handler                         0x000007df   Thumb Code     2  startup_tm4c123.o(.text)
    WTIMER1A_Handler                         0x000007e1   Thumb Code     2  startup_tm4c123.o(.text)
    WTIMER1B_Handler                         0x000007e3   Thumb Code     2  startup_tm4c123.o(.text)
    WTIMER2A_Handler                         0x000007e5   Thumb Code     2  startup_tm4c123.o(.text)
    WTIMER2B_Handler                         0x000007e7   Thumb Code     2  startup_tm4c123.o(.text)
    WTIMER3A_Handler                         0x000007e9   Thumb Code     2  startup_tm4c123.o(.text)
    WTIMER3B_Handler                         0x000007eb   Thumb Code     2  startup_tm4c123.o(.text)
    WTIMER4A_Handler                         0x000007ed   Thumb Code     2  startup_tm4c123.o(.text)
    WTIMER4B_Handler                         0x000007ef   Thumb Code     2  startup_tm4c123.o(.text)
    WTIMER5A_Handler                         0x000007f1   Thumb Code     2  startup_tm4c123.o(.text)
    WTIMER5B_Handler                         0x000007f3   Thumb Code     2  startup_tm4c123.o(.text)
    FPU_Handler                              0x000007f5   Thumb Code     2  startup_tm4c123.o(.text)
    I2C4_Handler                             0x000007f7   Thumb Code     2  startup_tm4c123.o(.text)
    I2C5_Handler                             0x000007f9   Thumb Code     2  startup_tm4c123.o(.text)
    GPIOM_Handler                            0x000007fb   Thumb Code     2  startup_tm4c123.o(.text)
    GPION_Handler                            0x000007fd   Thumb Code     2  startup_tm4c123.o(.text)
    QEI2_Handler                             0x000007ff   Thumb Code     2  startup_tm4c123.o(.text)
    GPIOP0_Handler                           0x00000801   Thumb Code     2  startup_tm4c123.o(.text)
    GPIOP1_Handler                           0x00000803   Thumb Code     2  startup_tm4c123.o(.text)
    GPIOP2_Handler                           0x00000805   Thumb Code     2  startup_tm4c123.o(.text)
    GPIOP3_Handler                           0x00000807   Thumb Code     2  startup_tm4c123.o(.text)
    GPIOP4_Handler                           0x00000809   Thumb Code     2  startup_tm4c123.o(.text)
    GPIOP5_Handler                           0x0000080b   Thumb Code     2  startup_tm4c123.o(.text)
    GPIOP6_Handler                           0x0000080d   Thumb Code     2  startup_tm4c123.o(.text)
    GPIOP7_Handler                           0x0000080f   Thumb Code     2  startup_tm4c123.o(.text)
    GPIOQ0_Handler                           0x00000811   Thumb Code     2  startup_tm4c123.o(.text)
    GPIOQ1_Handler                           0x00000813   Thumb Code     2  startup_tm4c123.o(.text)
    GPIOQ2_Handler                           0x00000815   Thumb Code     2  startup_tm4c123.o(.text)
    GPIOQ3_Handler                           0x00000817   Thumb Code     2  startup_tm4c123.o(.text)
    GPIOQ4_Handler                           0x00000819   Thumb Code     2  startup_tm4c123.o(.text)
    GPIOQ5_Handler                           0x0000081b   Thumb Code     2  startup_tm4c123.o(.text)
    GPIOQ6_Handler                           0x0000081d   Thumb Code     2  startup_tm4c123.o(.text)
    GPIOQ7_Handler                           0x0000081f   Thumb Code     2  startup_tm4c123.o(.text)
    GPIOR_Handler                            0x00000821   Thumb Code     2  startup_tm4c123.o(.text)
    GPIOS_Handler                            0x00000823   Thumb Code     2  startup_tm4c123.o(.text)
    PMW1_0_Handler                           0x00000825   Thumb Code     2  startup_tm4c123.o(.text)
    PWM1_1_Handler                           0x00000827   Thumb Code     2  startup_tm4c123.o(.text)
    PWM1_2_Handler                           0x00000829   Thumb Code     2  startup_tm4c123.o(.text)
    PWM1_3_Handler                           0x0000082b   Thumb Code     2  startup_tm4c123.o(.text)
    PWM1_FAULT_Handler                       0x0000082d   Thumb Code     2  startup_tm4c123.o(.text)
    strcpy                                   0x00000839   Thumb Code    18  strcpy.o(.text)
    strtok                                   0x0000084d   Thumb Code    62  strtok.o(.text)
    __aeabi_dadd                             0x00000891   Thumb Code   322  dadd.o(.text)
    __aeabi_dsub                             0x000009d3   Thumb Code     6  dadd.o(.text)
    __aeabi_drsub                            0x000009d9   Thumb Code     6  dadd.o(.text)
    __aeabi_dmul                             0x000009df   Thumb Code   228  dmul.o(.text)
    __aeabi_ddiv                             0x00000ac3   Thumb Code   222  ddiv.o(.text)
    __aeabi_f2d                              0x00000ba1   Thumb Code    38  f2d.o(.text)
    __aeabi_d2f                              0x00000bc7   Thumb Code    56  d2f.o(.text)
    __aeabi_uidiv                            0x00000bff   Thumb Code     0  uidiv.o(.text)
    __aeabi_uidivmod                         0x00000bff   Thumb Code    44  uidiv.o(.text)
    __aeabi_uldivmod                         0x00000c2b   Thumb Code    98  uldiv.o(.text)
    __aeabi_llsl                             0x00000c8d   Thumb Code    30  llshl.o(.text)
    _ll_shift_l                              0x00000c8d   Thumb Code     0  llshl.o(.text)
    __aeabi_lasr                             0x00000cab   Thumb Code    36  llsshr.o(.text)
    _ll_sshift_r                             0x00000cab   Thumb Code     0  llsshr.o(.text)
    __strtod_int                             0x00000d07   Thumb Code    88  strtod.o(.text)
    __I$use$fp                               0x00000d6d   Thumb Code     0  iusefp.o(.text)
    _float_round                             0x00000d6d   Thumb Code    18  fepilogue.o(.text)
    _float_epilogue                          0x00000d7f   Thumb Code    90  fepilogue.o(.text)
    _double_round                            0x00000dd9   Thumb Code    26  depilogue.o(.text)
    _double_epilogue                         0x00000df3   Thumb Code   164  depilogue.o(.text)
    __aeabi_d2ulz                            0x00000e97   Thumb Code    48  dfixul.o(.text)
    __aeabi_cdrcmple                         0x00000ec9   Thumb Code    38  cdrcmple.o(.text)
    __scatterload                            0x00000ef1   Thumb Code    28  init.o(.text)
    __scatterload_rt2                        0x00000ef1   Thumb Code     0  init.o(.text)
    __aeabi_llsr                             0x00000f15   Thumb Code    32  llushr.o(.text)
    __semihosting_library_function           0x00000f15   Thumb Code     0  semi.o(.text)
    _ll_ushift_r                             0x00000f15   Thumb Code     0  llushr.o(.text)
    isspace                                  0x00000f35   Thumb Code    10  isspace_c.o(.text)
    _scanf_real                              0x00001041   Thumb Code     0  scanf_fp.o(.text)
    _scanf_really_real                       0x00001041   Thumb Code   560  scanf_fp.o(.text)
    _sgetc                                   0x0000127d   Thumb Code    30  _sgetc.o(.text)
    _sbackspace                              0x0000129b   Thumb Code    34  _sgetc.o(.text)
    __I$use$semihosting$fputc                0x000012bd   Thumb Code     0  iusesemip.o(.text)
    __ctype_lookup                           0x000012bd   Thumb Code    34  ctype_c.o(.text)
    __aeabi_ul2d                             0x000012e5   Thumb Code    24  dfltul.o(.text)
    __0printf                                0x000012fd   Thumb Code    22  printfa.o(i.__0printf)
    __1printf                                0x000012fd   Thumb Code     0  printfa.o(i.__0printf)
    __2printf                                0x000012fd   Thumb Code     0  printfa.o(i.__0printf)
    __c89printf                              0x000012fd   Thumb Code     0  printfa.o(i.__0printf)
    printf                                   0x000012fd   Thumb Code     0  printfa.o(i.__0printf)
    __hardfp_atof                            0x00001321   Thumb Code    44  atof.o(i.__hardfp_atof)
    __read_errno                             0x00001359   Thumb Code     6  errno.o(i.__read_errno)
    __scatterload_copy                       0x00001365   Thumb Code    14  handlers.o(i.__scatterload_copy)
    __scatterload_null                       0x00001373   Thumb Code     2  handlers.o(i.__scatterload_null)
    __scatterload_zeroinit                   0x00001375   Thumb Code    14  handlers.o(i.__scatterload_zeroinit)
    __set_errno                              0x00001385   Thumb Code     6  errno.o(i.__set_errno)
    _is_digit                                0x000014ed   Thumb Code    14  scanf_fp.o(i._is_digit)
    fputc                                    0x00001c43   Thumb Code    18  fputc.o(i.fputc)
    __ctype_categories                       0x00001c54   Data          64  ctype_c.o(.constdata)
    Region$$Table$$Base                      0x00001c94   Number         0  anon$$obj.o(Region$$Table)
    Region$$Table$$Limit                     0x00001cb4   Number         0  anon$$obj.o(Region$$Table)
    __stdout                                 0x20000004   Data           4  stdout.o(.data)
    __initial_sp                             0x20000210   Data           0  startup_tm4c123.o(STACK)



==============================================================================

Memory Map of the image

  Image Entry point : 0x0000072d

  Load Region LR_1 (Base: 0x00000000, Size: 0x00001cc0, Max: 0xffffffff, ABSOLUTE)

    Execution Region ER_RO (Base: 0x00000000, Size: 0x00001cb4, Max: 0xffffffff, ABSOLUTE)

    Base Addr    Size         Type   Attr      Idx    E Section Name        Object

    0x00000000   0x0000026c   Data   RO          112    RESET               startup_tm4c123.o
    0x0000026c   0x00000000   Code   RO          162  * .ARM.Collect$$$$00000000  mc_w.l(entry.o)
    0x0000026c   0x00000004   Code   RO          474    .ARM.Collect$$$$00000001  mc_w.l(entry2.o)
    0x00000270   0x00000004   Code   RO          477    .ARM.Collect$$$$00000004  mc_w.l(entry5.o)
    0x00000274   0x00000000   Code   RO          479    .ARM.Collect$$$$00000008  mc_w.l(entry7b.o)
    0x00000274   0x00000000   Code   RO          481    .ARM.Collect$$$$0000000A  mc_w.l(entry8b.o)
    0x00000274   0x00000008   Code   RO          482    .ARM.Collect$$$$0000000B  mc_w.l(entry9a.o)
    0x0000027c   0x00000000   Code   RO          484    .ARM.Collect$$$$0000000D  mc_w.l(entry10a.o)
    0x0000027c   0x00000000   Code   RO          486    .ARM.Collect$$$$0000000F  mc_w.l(entry11a.o)
    0x0000027c   0x00000004   Code   RO          475    .ARM.Collect$$$$00002712  mc_w.l(entry2.o)
    0x00000280   0x00000168   Code   RO           28    .text               gpio_driver.o
    0x000003e8   0x00000056   Code   RO           46    .text               main.o
    0x0000043e   0x00000002   PAD
    0x00000440   0x000001dc   Code   RO           83    .text               nmea fns.o
    0x0000061c   0x00000110   Code   RO           98    .text               uart_init.o
    0x0000072c   0x0000010c   Code   RO          113  * .text               startup_tm4c123.o
    0x00000838   0x00000012   Code   RO          165    .text               mc_w.l(strcpy.o)
    0x0000084a   0x00000002   PAD
    0x0000084c   0x00000044   Code   RO          167    .text               mc_w.l(strtok.o)
    0x00000890   0x0000014e   Code   RO          434    .text               mf_w.l(dadd.o)
    0x000009de   0x000000e4   Code   RO          436    .text               mf_w.l(dmul.o)
    0x00000ac2   0x000000de   Code   RO          438    .text               mf_w.l(ddiv.o)
    0x00000ba0   0x00000026   Code   RO          440    .text               mf_w.l(f2d.o)
    0x00000bc6   0x00000038   Code   RO          444    .text               mf_w.l(d2f.o)
    0x00000bfe   0x0000002c   Code   RO          491    .text               mc_w.l(uidiv.o)
    0x00000c2a   0x00000062   Code   RO          493    .text               mc_w.l(uldiv.o)
    0x00000c8c   0x0000001e   Code   RO          495    .text               mc_w.l(llshl.o)
    0x00000caa   0x00000024   Code   RO          497    .text               mc_w.l(llsshr.o)
    0x00000cce   0x00000002   PAD
    0x00000cd0   0x0000009c   Code   RO          506    .text               mc_w.l(strtod.o)
    0x00000d6c   0x00000000   Code   RO          508    .text               mc_w.l(iusefp.o)
    0x00000d6c   0x0000006c   Code   RO          509    .text               mf_w.l(fepilogue.o)
    0x00000dd8   0x000000be   Code   RO          511    .text               mf_w.l(depilogue.o)
    0x00000e96   0x00000030   Code   RO          515    .text               mf_w.l(dfixul.o)
    0x00000ec6   0x00000002   PAD
    0x00000ec8   0x00000028   Code   RO          517    .text               mf_w.l(cdrcmple.o)
    0x00000ef0   0x00000024   Code   RO          529    .text               mc_w.l(init.o)
    0x00000f14   0x00000000   Code   RO          531    .text               mc_w.l(semi.o)
    0x00000f14   0x00000020   Code   RO          532    .text               mc_w.l(llushr.o)
    0x00000f34   0x0000000a   Code   RO          534    .text               mc_w.l(isspace_c.o)
    0x00000f3e   0x00000002   PAD
    0x00000f40   0x0000033c   Code   RO          536    .text               mc_w.l(scanf_fp.o)
    0x0000127c   0x00000040   Code   RO          540    .text               mc_w.l(_sgetc.o)
    0x000012bc   0x00000000   Code   RO          542    .text               mc_w.l(iusesemip.o)
    0x000012bc   0x00000028   Code   RO          551    .text               mc_w.l(ctype_c.o)
    0x000012e4   0x00000018   Code   RO          554    .text               mf_w.l(dfltul.o)
    0x000012fc   0x00000020   Code   RO          406    i.__0printf         mc_w.l(printfa.o)
    0x0000131c   0x00000004   PAD
    0x00001320   0x00000038   Code   RO          132    i.__hardfp_atof     m_wm.l(atof.o)
    0x00001358   0x0000000c   Code   RO          500    i.__read_errno      mc_w.l(errno.o)
    0x00001364   0x0000000e   Code   RO          558    i.__scatterload_copy  mc_w.l(handlers.o)
    0x00001372   0x00000002   Code   RO          559    i.__scatterload_null  mc_w.l(handlers.o)
    0x00001374   0x0000000e   Code   RO          560    i.__scatterload_zeroinit  mc_w.l(handlers.o)
    0x00001382   0x00000002   PAD
    0x00001384   0x0000000c   Code   RO          501    i.__set_errno       mc_w.l(errno.o)
    0x00001390   0x0000015c   Code   RO          413    i._fp_digits        mc_w.l(printfa.o)
    0x000014ec   0x0000000e   Code   RO          538    i._is_digit         mc_w.l(scanf_fp.o)
    0x000014fa   0x00000002   PAD
    0x000014fc   0x000006f0   Code   RO          414    i._printf_core      mc_w.l(printfa.o)
    0x00001bec   0x00000026   Code   RO          415    i._printf_post_padding  mc_w.l(printfa.o)
    0x00001c12   0x00000030   Code   RO          416    i._printf_pre_padding  mc_w.l(printfa.o)
    0x00001c42   0x00000012   Code   RO          488    i.fputc             mc_w.l(fputc.o)
    0x00001c54   0x00000040   Data   RO          552    .constdata          mc_w.l(ctype_c.o)
    0x00001c94   0x00000020   Data   RO          556    Region$$Table       anon$$obj.o


    Execution Region ER_RW (Base: 0x20000000, Size: 0x0000000c, Max: 0xffffffff, ABSOLUTE)

    Base Addr    Size         Type   Attr      Idx    E Section Name        Object

    0x20000000   0x00000004   Data   RW          168    .data               mc_w.l(strtok.o)
    0x20000004   0x00000004   Data   RW          490    .data               mc_w.l(stdout.o)
    0x20000008   0x00000004   Data   RW          502    .data               mc_w.l(errno.o)


    Execution Region ER_ZI (Base: 0x2000000c, Size: 0x00000204, Max: 0xffffffff, ABSOLUTE)

    Base Addr    Size         Type   Attr      Idx    E Section Name        Object

    0x2000000c   0x00000004   PAD
    0x20000010   0x00000200   Zero   RW          110    STACK               startup_tm4c123.o


==============================================================================

Image component sizes


      Code (inc. data)   RO Data    RW Data    ZI Data      Debug   Object Name

         0          0          0          0          0       1444   calc_disp.o
       360         32          0          0          0       1248   gpio_driver.o
        86          0          0          0          0        739   main.o
       476         84          0          0          0       1860   nmea fns.o
       268         10        620          0        512       5392   startup_tm4c123.o
       272         20          0          0          0       1358   uart_init.o

    ----------------------------------------------------------------------
      1464        146        652          0        512      12041   Object Totals
         0          0         32          0          0          0   (incl. Generated)
         2          0          0          0          0          0   (incl. Padding)

    ----------------------------------------------------------------------

      Code (inc. data)   RO Data    RW Data    ZI Data      Debug   Library Member Name

        56         12          0          0          0        132   atof.o
        64          0          0          0          0         84   _sgetc.o
        40          6         64          0          0         68   ctype_c.o
         0          0          0          0          0          0   entry.o
         0          0          0          0          0          0   entry10a.o
         0          0          0          0          0          0   entry11a.o
         8          4          0          0          0          0   entry2.o
         4          0          0          0          0          0   entry5.o
         0          0          0          0          0          0   entry7b.o
         0          0          0          0          0          0   entry8b.o
         8          4          0          0          0          0   entry9a.o
        24         12          0          4          0        136   errno.o
        18          0          0          0          0         80   fputc.o
        30          0          0          0          0          0   handlers.o
        36          8          0          0          0         68   init.o
        10          0          0          0          0         68   isspace_c.o
         0          0          0          0          0          0   iusefp.o
         0          0          0          0          0          0   iusesemip.o
        30          0          0          0          0         68   llshl.o
        36          0          0          0          0         68   llsshr.o
        32          0          0          0          0         68   llushr.o
      2242         90          0          0          0        444   printfa.o
       842         12          0          0          0        216   scanf_fp.o
         0          0          0          0          0          0   semi.o
         0          0          0          4          0          0   stdout.o
        18          0          0          0          0         68   strcpy.o
       156         14          0          0          0        120   strtod.o
        68          6          0          4          0         80   strtok.o
        44          0          0          0          0         80   uidiv.o
        98          0          0          0          0         92   uldiv.o
        40          2          0          0          0         68   cdrcmple.o
        56          0          0          0          0         88   d2f.o
       334          0          0          0          0        148   dadd.o
       222          0          0          0          0        100   ddiv.o
       190          0          0          0          0        176   depilogue.o
        48          0          0          0          0         68   dfixul.o
        24          0          0          0          0         76   dfltul.o
       228          0          0          0          0         96   dmul.o
        38          0          0          0          0         68   f2d.o
       108          0          0          0          0        168   fepilogue.o

    ----------------------------------------------------------------------
      5168        174         64         12          4       2996   Library Totals
        16          4          0          0          4          0   (incl. Padding)

    ----------------------------------------------------------------------

      Code (inc. data)   RO Data    RW Data    ZI Data      Debug   Library Name

        56         12          0          0          0        132   m_wm.l
      3808        156         64         12          0       1808   mc_w.l
      1288          2          0          0          0       1056   mf_w.l

    ----------------------------------------------------------------------
      5168        174         64         12          4       2996   Library Totals

    ----------------------------------------------------------------------

==============================================================================


      Code (inc. data)   RO Data    RW Data    ZI Data      Debug   

      6632        320        716         12        516      13181   Grand Totals
      6632        320        716         12        516      13181   ELF Image Totals
      6632        320        716         12          0          0   ROM Totals

==============================================================================

    Total RO  Size (Code + RO Data)                 7348 (   7.18kB)
    Total RW  Size (RW Data + ZI Data)               528 (   0.52kB)
    Total ROM Size (Code + RO Data + RW Data)       7360 (   7.19kB)

==============================================================================

