******************************************************************************
                  TI ARM Linker PC v20.2.7                     
******************************************************************************
>> Linked Sat May 11 03:03:47 2024

OUTPUT FILE NAME:   <Embedded2.out>
ENTRY POINT SYMBOL: "_c_int00_noargs"  address: 00000cf1


MEMORY CONFIGURATION

         name            origin    length      used     unused   attr    fill
----------------------  --------  ---------  --------  --------  ----  --------
  FLASH                 00000000   00040000  00000f54  0003f0ac  R  X
  SRAM                  20000000   00008000  00000218  00007de8  RW X


SEGMENT ALLOCATION MAP

run origin  load origin   length   init length attrs members
----------  ----------- ---------- ----------- ----- -------
00000000    00000000    00000f58   00000f58    r-x
  00000000    00000000    0000026c   0000026c    r-- .intvecs
  0000026c    0000026c    00000b74   00000b74    r-x .text
  00000de0    00000de0    0000015c   0000015c    r-- .const
  00000f40    00000f40    00000018   00000018    r-- .cinit
20000000    20000000    00000218   00000000    rw-
  20000000    20000000    00000200   00000000    rw- .stack
  20000200    20000200    00000010   00000000    rw- .sysmem
  20000210    20000210    00000008   00000000    rw- .data


SECTION ALLOCATION MAP

 output                                  attributes/
section   page    origin      length       input sections
--------  ----  ----------  ----------   ----------------
.intvecs   0    00000000    0000026c     
                  00000000    0000026c     tm4c123gh6pm_startup_ccs.obj (.intvecs)

.text      0    0000026c    00000b74     
                  0000026c    000003c8     rtsv7M4_T_le_v4SPD16_eabi.lib : strtof.c.obj (.text:strtof)
                  00000634    00000150     decoder.obj (.text)
                  00000784    00000124     UART_INIT.obj (.text)
                  000008a8    00000110     GPIO_DRIVER.obj (.text)
                  000009b8    000000e0     main.obj (.text)
                  00000a98    000000d0     rtsv7M4_T_le_v4SPD16_eabi.lib : s_scalbnf.c.obj (.text:scalbnf)
                  00000b68    0000009c                                   : memcpy_t2.asm.obj (.text)
                  00000c04    00000068                                   : copy_decompress_lzss.c.obj (.text:decompress:lzss:__TI_decompress_lzss)
                  00000c6c    00000044                                   : autoinit.c.obj (.text:__TI_auto_init_nobinit_nopinit:__TI_auto_init_nobinit_nopinit)
                  00000cb0    00000040                                   : strtok.c.obj (.text:strtok)
                  00000cf0    00000034                                   : boot_cortex_m.c.obj (.text:_c_int00_noargs:_c_int00_noargs)
                  00000d24    0000002c                                   : strncmp.c.obj (.text:strncmp)
                  00000d50    0000002a                                   : strspn.c.obj (.text:strspn)
                  00000d7a    00000024                                   : strcspn.c.obj (.text:strcspn)
                  00000d9e    00000018                                   : s_copysignf.c.obj (.text:copysignf)
                  00000db6    0000000e                                   : copy_decompress_none.c.obj (.text:decompress:none:__TI_decompress_none)
                  00000dc4    0000000c     tm4c123gh6pm_startup_ccs.obj (.text)
                  00000dd0    00000008     rtsv7M4_T_le_v4SPD16_eabi.lib : errno.c.obj (.text:__aeabi_errno_addr)
                  00000dd8    00000004                                   : pre_init.c.obj (.text:_system_pre_init)
                  00000ddc    00000004                                   : exit.c.obj (.text:abort:abort)

.const     0    00000de0    0000015c     
                  00000de0    00000101     rtsv7M4_T_le_v4SPD16_eabi.lib : ctype.c.obj (.const:.string:_ctypes_)
                  00000ee1    00000003     --HOLE-- [fill = 0]
                  00000ee4    00000058                                   : strtof.c.obj (.const:$O1$$)

.cinit     0    00000f40    00000018     
                  00000f40    00000008     (__TI_handler_table)
                  00000f48    00000007     (.cinit..data.load) [load image, compression = lzss]
                  00000f4f    00000001     --HOLE-- [fill = 0]
                  00000f50    00000008     (__TI_cinit_table)

.init_array 
*          0    00000000    00000000     UNINITIALIZED

.stack     0    20000000    00000200     UNINITIALIZED
                  20000000    00000004     rtsv7M4_T_le_v4SPD16_eabi.lib : boot_cortex_m.c.obj (.stack)
                  20000004    000001fc     --HOLE--

.data      0    20000210    00000008     UNINITIALIZED
                  20000210    00000004     rtsv7M4_T_le_v4SPD16_eabi.lib : errno.c.obj (.data)
                  20000214    00000004                                   : strtok.c.obj (.data)

.sysmem    0    20000200    00000010     UNINITIALIZED
                  20000200    00000010     rtsv7M4_T_le_v4SPD16_eabi.lib : memory.c.obj (.sysmem)

__llvm_prf_cnts 
*          0    20000000    00000000     UNINITIALIZED

MODULE SUMMARY

       Module                         code   ro data   rw data
       ------                         ----   -------   -------
    .\
       tm4c123gh6pm_startup_ccs.obj   12     620       0      
       decoder.obj                    336    0         0      
       UART_INIT.obj                  292    0         0      
       GPIO_DRIVER.obj                272    0         0      
       main.obj                       224    0         0      
    +--+------------------------------+------+---------+---------+
       Total:                         1136   620       0      
                                                              
    C:\ti\ccs1270\ccs\tools\compiler\ti-cgt-arm_20.2.7.LTS\lib\rtsv7M4_T_le_v4SPD16_eabi.lib
       strtof.c.obj                   968    88        0      
       ctype.c.obj                    0      257       0      
       s_scalbnf.c.obj                208    0         0      
       memcpy_t2.asm.obj              156    0         0      
       copy_decompress_lzss.c.obj     104    0         0      
       autoinit.c.obj                 68     0         0      
       strtok.c.obj                   64     0         4      
       boot_cortex_m.c.obj            52     0         0      
       strncmp.c.obj                  44     0         0      
       strspn.c.obj                   42     0         0      
       strcspn.c.obj                  36     0         0      
       s_copysignf.c.obj              24     0         0      
       copy_decompress_none.c.obj     14     0         0      
       errno.c.obj                    8      0         4      
       exit.c.obj                     4      0         0      
       pre_init.c.obj                 4      0         0      
    +--+------------------------------+------+---------+---------+
       Total:                         1796   345       8      
                                                              
       Heap:                          0      0         16     
       Stack:                         0      0         512    
       Linker Generated:              0      23        0      
    +--+------------------------------+------+---------+---------+
       Grand Total:                   2932   988       536    


LINKER GENERATED COPY TABLES

__TI_cinit_table @ 00000f50 records: 1, size/record: 8, table size: 8
	.data: load addr=00000f48, load size=00000007 bytes, run addr=20000210, run size=00000008 bytes, compression=lzss


LINKER GENERATED HANDLER TABLE

__TI_handler_table @ 00000f40 records: 2, size/record: 4, table size: 8
	index: 0, handler: __TI_decompress_lzss
	index: 1, handler: __TI_decompress_none


GLOBAL SYMBOLS: SORTED ALPHABETICALLY BY Name 

address   name                          
-------   ----                          
00000ddd  C$$EXIT                       
0000087f  CHECK_UART_READ_DATA          
00000853  GPS_GET_LINE                  
00000943  LED_INIT                      
00000937  LED_OFF                       
0000092d  LED_ON                        
00000841  READ_UART                     
000009e3  RGB_ClearOutput               
000009b9  RGB_SetOutput                 
00000dc5  ResetISR                      
000008bd  SWITCH_INIT                   
00000791  UART_INIT                     
000009c3  UART_OutChar                  
000009cf  UART_OutString                
00000785  WRITE_UART                    
20000200  __STACK_END                   
00000200  __STACK_SIZE                  
20000200  __STACK_TOP                   
00000010  __SYSMEM_SIZE                 
00000f50  __TI_CINIT_Base               
00000f58  __TI_CINIT_Limit              
00000f40  __TI_Handler_Table_Base       
00000f48  __TI_Handler_Table_Limit      
00000c6d  __TI_auto_init_nobinit_nopinit
00000c05  __TI_decompress_lzss          
00000db7  __TI_decompress_none          
ffffffff  __TI_pprof_out_hndl           
ffffffff  __TI_prof_data_size           
ffffffff  __TI_prof_data_start          
00000000  __TI_static_base__            
00000dd1  __aeabi_errno_addr            
00000b69  __aeabi_memcpy                
00000b69  __aeabi_memcpy4               
00000b69  __aeabi_memcpy8               
ffffffff  __binit__                     
ffffffff  __c_args__                    
UNDEFED   __mpu_init                    
20000000  __stack                       
20000000  __start___llvm_prf_cnts       
20000000  __stop___llvm_prf_cnts        
00000cf1  _c_int00_noargs               
00000de0  _ctypes_                      
20000200  _sys_memory                   
UNDEFED   _system_post_cinit            
00000dd9  _system_pre_init              
00000ddd  abort                         
ffffffff  binit                         
00000d9f  copysignf                     
20000210  errno                         
00000000  g_pfnVectors                  
0000071b  getLatitude                   
000006dd  getLatitudeDirection          
00000685  getlongitude                  
00000647  getlongitudeDirection         
00000a99  ldexpf                        
000009ed  main                          
00000b69  memcpy                        
00000635  refill                        
00000a99  scalbnf                       
00000d7b  strcspn                       
00000d25  strncmp                       
00000d51  strspn                        
0000026d  strtof                        
00000cb1  strtok                        
000008b3  sw1_read                      
000008a9  sw2_read                      


GLOBAL SYMBOLS: SORTED BY Symbol Address 

address   name                          
-------   ----                          
00000000  __TI_static_base__            
00000000  g_pfnVectors                  
00000010  __SYSMEM_SIZE                 
00000200  __STACK_SIZE                  
0000026d  strtof                        
00000635  refill                        
00000647  getlongitudeDirection         
00000685  getlongitude                  
000006dd  getLatitudeDirection          
0000071b  getLatitude                   
00000785  WRITE_UART                    
00000791  UART_INIT                     
00000841  READ_UART                     
00000853  GPS_GET_LINE                  
0000087f  CHECK_UART_READ_DATA          
000008a9  sw2_read                      
000008b3  sw1_read                      
000008bd  SWITCH_INIT                   
0000092d  LED_ON                        
00000937  LED_OFF                       
00000943  LED_INIT                      
000009b9  RGB_SetOutput                 
000009c3  UART_OutChar                  
000009cf  UART_OutString                
000009e3  RGB_ClearOutput               
000009ed  main                          
00000a99  ldexpf                        
00000a99  scalbnf                       
00000b69  __aeabi_memcpy                
00000b69  __aeabi_memcpy4               
00000b69  __aeabi_memcpy8               
00000b69  memcpy                        
00000c05  __TI_decompress_lzss          
00000c6d  __TI_auto_init_nobinit_nopinit
00000cb1  strtok                        
00000cf1  _c_int00_noargs               
00000d25  strncmp                       
00000d51  strspn                        
00000d7b  strcspn                       
00000d9f  copysignf                     
00000db7  __TI_decompress_none          
00000dc5  ResetISR                      
00000dd1  __aeabi_errno_addr            
00000dd9  _system_pre_init              
00000ddd  C$$EXIT                       
00000ddd  abort                         
00000de0  _ctypes_                      
00000f40  __TI_Handler_Table_Base       
00000f48  __TI_Handler_Table_Limit      
00000f50  __TI_CINIT_Base               
00000f58  __TI_CINIT_Limit              
20000000  __stack                       
20000000  __start___llvm_prf_cnts       
20000000  __stop___llvm_prf_cnts        
20000200  __STACK_END                   
20000200  __STACK_TOP                   
20000200  _sys_memory                   
20000210  errno                         
ffffffff  __TI_pprof_out_hndl           
ffffffff  __TI_prof_data_size           
ffffffff  __TI_prof_data_start          
ffffffff  __binit__                     
ffffffff  __c_args__                    
ffffffff  binit                         
UNDEFED   __mpu_init                    
UNDEFED   _system_post_cinit            

[66 symbols]
